###############################################################################
#
# IAR ELF Linker V8.40.2.214/W32 for ARM                  22/Aug/2025  11:00:03
# Copyright 2007-2019 IAR Systems AB.
#
#    Output file  =
#        C:\proglyk\4 –¿¡Œ“¿\9 √ÓÎÓÎ∏‰\1 libiec61850
#        ËÁÏ.4\examples\simple_server\build\Debug\Exe\simple_server.out
#    Map file     =
#        C:\proglyk\4 –¿¡Œ“¿\9 √ÓÎÓÎ∏‰\1 libiec61850
#        ËÁÏ.4\examples\simple_server\build\Debug\List\simple_server.map
#    Command line =
#        -f C:\Users\836D~1\AppData\Local\Temp\EW3E9F.tmp ("C:\proglyk\4
#        –¿¡Œ“¿\9 √ÓÎÓÎ∏‰\1 libiec61850
#        ËÁÏ.4\examples\simple_server\build\Debug\Obj\AcseConnection.o"
#        "C:\proglyk\4 –¿¡Œ“¿\9 √ÓÎÓÎ∏‰\1 libiec61850
#        ËÁÏ.4\examples\simple_server\build\Debug\Obj\byte_buffer.o"
#        "C:\proglyk\4 –¿¡Œ“¿\9 √ÓÎÓÎ∏‰\1 libiec61850
#        ËÁÏ.4\examples\simple_server\build\Debug\Obj\byte_stream.o"
#        "C:\proglyk\4 –¿¡Œ“¿\9 √ÓÎÓÎ∏‰\1 libiec61850
#        ËÁÏ.4\examples\simple_server\build\Debug\Obj\CotpConnection.o"
#        "C:\proglyk\4 –¿¡Œ“¿\9 √ÓÎÓÎ∏‰\1 libiec61850
#        ËÁÏ.4\examples\simple_server\build\Debug\Obj\debug3.o"
#        "C:\proglyk\4 –¿¡Œ“¿\9 √ÓÎÓÎ∏‰\1 libiec61850
#        ËÁÏ.4\examples\simple_server\build\Debug\Obj\IsoConnection.o"
#        "C:\proglyk\4 –¿¡Œ“¿\9 √ÓÎÓÎ∏‰\1 libiec61850
#        ËÁÏ.4\examples\simple_server\build\Debug\Obj\IsoPresentation.o"
#        "C:\proglyk\4 –¿¡Œ“¿\9 √ÓÎÓÎ∏‰\1 libiec61850
#        ËÁÏ.4\examples\simple_server\build\Debug\Obj\IsoServer.o"
#        "C:\proglyk\4 –¿¡Œ“¿\9 √ÓÎÓÎ∏‰\1 libiec61850
#        ËÁÏ.4\examples\simple_server\build\Debug\Obj\IsoServerConn.o"
#        "C:\proglyk\4 –¿¡Œ“¿\9 √ÓÎÓÎ∏‰\1 libiec61850
#        ËÁÏ.4\examples\simple_server\build\Debug\Obj\IsoSession.o"
#        "C:\proglyk\4 –¿¡Œ“¿\9 √ÓÎÓÎ∏‰\1 libiec61850
#        ËÁÏ.4\examples\simple_server\build\Debug\Obj\linked_list.o"
#        "C:\proglyk\4 –¿¡Œ“¿\9 √ÓÎÓÎ∏‰\1 libiec61850
#        ËÁÏ.4\examples\simple_server\build\Debug\Obj\main.o" "C:\proglyk\4
#        –¿¡Œ“¿\9 √ÓÎÓÎ∏‰\1 libiec61850
#        ËÁÏ.4\examples\simple_server\build\Debug\Obj\mms_server.o"
#        "C:\proglyk\4 –¿¡Œ“¿\9 √ÓÎÓÎ∏‰\1 libiec61850
#        ËÁÏ.4\examples\simple_server\build\Debug\Obj\mms_server_common.o"
#        "C:\proglyk\4 –¿¡Œ“¿\9 √ÓÎÓÎ∏‰\1 libiec61850
#        ËÁÏ.4\examples\simple_server\build\Debug\Obj\mms_server_conn.o"
#        "C:\proglyk\4 –¿¡Œ“¿\9 √ÓÎÓÎ∏‰\1 libiec61850
#        ËÁÏ.4\examples\simple_server\build\Debug\Obj\mms_service_read.o"
#        "C:\proglyk\4 –¿¡Œ“¿\9 √ÓÎÓÎ∏‰\1 libiec61850
#        ËÁÏ.4\examples\simple_server\build\Debug\Obj\net.o" "C:\proglyk\4
#        –¿¡Œ“¿\9 √ÓÎÓÎ∏‰\1 libiec61850
#        ËÁÏ.4\examples\simple_server\build\Debug\Obj\net_clt.o"
#        "C:\proglyk\4 –¿¡Œ“¿\9 √ÓÎÓÎ∏‰\1 libiec61850
#        ËÁÏ.4\examples\simple_server\build\Debug\Obj\net_conn.o"
#        "C:\proglyk\4 –¿¡Œ“¿\9 √ÓÎÓÎ∏‰\1 libiec61850
#        ËÁÏ.4\examples\simple_server\build\Debug\Obj\net_eth.o"
#        "C:\proglyk\4 –¿¡Œ“¿\9 √ÓÎÓÎ∏‰\1 libiec61850
#        ËÁÏ.4\examples\simple_server\build\Debug\Obj\net_netif.o"
#        "C:\proglyk\4 –¿¡Œ“¿\9 √ÓÎÓÎ∏‰\1 libiec61850
#        ËÁÏ.4\examples\simple_server\build\Debug\Obj\net_srv.o"
#        "C:\proglyk\4 –¿¡Œ“¿\9 √ÓÎÓÎ∏‰\1 libiec61850
#        ËÁÏ.4\examples\simple_server\build\Debug\Obj\SBuffer.o"
#        "C:\proglyk\4 –¿¡Œ“¿\9 √ÓÎÓÎ∏‰\1 libiec61850
#        ËÁÏ.4\examples\simple_server\build\Debug\Obj\stack_protection.o"
#        "C:\proglyk\4 –¿¡Œ“¿\9 √ÓÎÓÎ∏‰\1 libiec61850
#        ËÁÏ.4\examples\simple_server\build\Debug\Obj\startup_stm32f407xx.o"
#        "C:\proglyk\4 –¿¡Œ“¿\9 √ÓÎÓÎ∏‰\1 libiec61850
#        ËÁÏ.4\examples\simple_server\build\Debug\Obj\stm32f4xx_hal_eth.o"
#        "C:\proglyk\4 –¿¡Œ“¿\9 √ÓÎÓÎ∏‰\1 libiec61850
#        ËÁÏ.4\examples\simple_server\build\Debug\Obj\stm32f4xx_hal_msp.o"
#        "C:\proglyk\4 –¿¡Œ“¿\9 √ÓÎÓÎ∏‰\1 libiec61850
#        ËÁÏ.4\examples\simple_server\build\Debug\Obj\stm32f4xx_hal_timebase_tim.o"
#        "C:\proglyk\4 –¿¡Œ“¿\9 √ÓÎÓÎ∏‰\1 libiec61850
#        ËÁÏ.4\examples\simple_server\build\Debug\Obj\stm32f4xx_it.o"
#        "C:\proglyk\4 –¿¡Œ“¿\9 √ÓÎÓÎ∏‰\1 libiec61850
#        ËÁÏ.4\examples\simple_server\build\Debug\Obj\stm32f4xx_it_cb.o"
#        "C:\proglyk\4 –¿¡Œ“¿\9 √ÓÎÓÎ∏‰\1 libiec61850
#        ËÁÏ.4\examples\simple_server\build\Debug\Obj\system_stm32f4xx.o"
#        "C:\proglyk\4 –¿¡Œ“¿\9 √ÓÎÓÎ∏‰\1 libiec61850
#        ËÁÏ.4\examples\simple_server\build\Debug\Obj\time_hal.o"
#        --no_out_extension -o "C:\proglyk\4 –¿¡Œ“¿\9 √ÓÎÓÎ∏‰\1
#        libiec61850
#        ËÁÏ.4\examples\simple_server\build\Debug\Exe\simple_server.out"
#        --redirect _Printf=_PrintfFullNoMb --redirect _Scanf=_ScanfFullNoMb
#        --map "C:\proglyk\4 –¿¡Œ“¿\9 √ÓÎÓÎ∏‰\1 libiec61850
#        ËÁÏ.4\examples\simple_server\build\Debug\List\simple_server.map"
#        --config "C:\proglyk\4 –¿¡Œ“¿\9 √ÓÎÓÎ∏‰\1 libiec61850
#        ËÁÏ.4\examples\simple_server\build\stm32f407xG-user.icf" --redirect
#        malloc=pvPortMalloc --redirect free=vPortFree --redirect
#        calloc=pvPortCalloc --redirect realloc=pvPortRealloc --semihosting
#        "C:\proglyk\4 –¿¡Œ“¿\9 √ÓÎÓÎ∏‰\1 libiec61850
#        ËÁÏ.4\examples\simple_server\..\..\..\2 Separately compiled
#        libraries\1 ASN1\bin\asn1.a" "C:\proglyk\4 –¿¡Œ“¿\9
#        √ÓÎÓÎ∏‰\1 libiec61850
#        ËÁÏ.4\examples\simple_server\..\..\..\2 Separately compiled
#        libraries\3 ISO8650\bin\ISO8650.a" "C:\proglyk\4 –¿¡Œ“¿\9
#        √ÓÎÓÎ∏‰\1 libiec61850
#        ËÁÏ.4\examples\simple_server\..\..\..\2 Separately compiled
#        libraries\4 ISO9506\bin\ISO9506.a" "C:\proglyk\4 –¿¡Œ“¿\9
#        √ÓÎÓÎ∏‰\1 libiec61850
#        ËÁÏ.4\examples\simple_server\..\..\..\2 Separately compiled
#        libraries\7 HAL\bin\HAL.a" "C:\proglyk\4 –¿¡Œ“¿\9
#        √ÓÎÓÎ∏‰\1 libiec61850
#        ËÁÏ.4\examples\simple_server\..\..\..\2 Separately compiled
#        libraries\5 FreeRTOS\bin\FreeRTOSLib.a" "C:\proglyk\4 –¿¡Œ“¿\9
#        √ÓÎÓÎ∏‰\1 libiec61850
#        ËÁÏ.4\examples\simple_server\..\..\..\2 Separately compiled
#        libraries\6 LwIP\bin\LwIPLib.a" --entry __iar_program_start --vfe
#        --text_out locale --no_free_heap)
#
###############################################################################

*******************************************************************************
*** MESSAGES
***

Error[Li005]: no definition for "mmsServer_handleGetNameListRequest"
          [referenced from C:\proglyk\4 –¿¡Œ“¿\9 √ÓÎÓÎ∏‰\1 libiec61850
          ËÁÏ.4\examples\simple_server\build\Debug\Obj\mms_server_conn.o]
Error[Li005]: no definition for "asn_DEF_CPAPPDU" [referenced from C:\proglyk\4
          –¿¡Œ“¿\9 √ÓÎÓÎ∏‰\1 libiec61850
          ËÁÏ.4\examples\simple_server\build\Debug\Obj\IsoPresentation.o]
Error[Li005]: no definition for "asn_DEF_CPType" [referenced from C:\proglyk\4
          –¿¡Œ“¿\9 √ÓÎÓÎ∏‰\1 libiec61850
          ËÁÏ.4\examples\simple_server\build\Debug\Obj\IsoPresentation.o]
Error[Li005]: no definition for "Hal_getTimeInMs" [referenced from C:\proglyk\4
          –¿¡Œ“¿\9 √ÓÎÓÎ∏‰\1 libiec61850
          ËÁÏ.4\examples\simple_server\build\Debug\Obj\byte_stream.o]


*******************************************************************************
*** RUNTIME MODEL ATTRIBUTES
***

CppFlavor                     = *
__SystemLibrary               = DLib
__dlib_dynamic_initialization = normal
__dlib_version                = 6


*******************************************************************************
*** HEAP SELECTION
***

The no free heap was selected because of --no_free_heap.


*******************************************************************************
*** PLACEMENT SUMMARY
***

"A0":  place at address 0x800'0000 { ro section .intvec };
"P1":  place in [from 0x800'0000 to 0x80f'ffff] { ro };
"P3":  place in [from 0x2000'0000 to 0x2000'613f] { rw section .lwip };
define block CSTACK with size = 1K, alignment = 8 { };
define block HEAP with size = 0, alignment = 8 { };
"P4":  place in [from 0x2000'50a0 to 0x2001'bfff] |
                [from 0x2001'c000 to 0x2001'ffff] {
          section .heap, section .server_resp, block CSTACK, block HEAP };
"P6":  place in [from 0x1000'0000 to 0x1000'ffff] |
                [from 0x2000'30a0 to 0x2000'509f] { rw };
initialize by copy { rw };

No sections matched the following patterns:

  ro section application_specific_ro  in "P2"
  section .backup_sram                in "P5"
  section .server_resp                in "P4"


  Section                Kind         Address      Size  Object
  -------                ----         -------      ----  ------
"A0":                                             0x188
  .intvec                ro code   0x800'0000     0x188  startup_stm32f407xx.o [1]
                                 - 0x800'0188     0x188

"P1":                                          0x2'2c21
  .text                  ro code   0x800'0188    0x25e8  sockets.o [6]
  .text                  ro code   0x800'2770     0x2bc  sys_arch.o [6]
  .text                  ro code   0x800'2a2c     0x598  pbuf.o [6]
  .text                  ro code   0x800'2fc4     0x24c  memp.o [6]
  .text                  ro code   0x800'3210     0xfb4  tcp.o [6]
  .text                  ro code   0x800'41c4     0x290  raw.o [6]
  .text                  ro code   0x800'4454     0x64c  udp.o [6]
  .text                  ro code   0x800'4aa0     0xefc  tcp_out.o [6]
  .text                  ro code   0x800'599c      0xf0  tcpip.o [6]
  .text                  ro code   0x800'5a8c      0x28  err.o [6]
  .text                  ro code   0x800'5ab4      0x2c  def.o [6]
  .text                  ro code   0x800'5ae0      0x66  ABImemset.o [10]
  .text                  ro code   0x800'5b46      0x3a  zero_init3.o [10]
  .text                  ro code   0x800'5b80      0xa6  ABImemcpy.o [10]
  .text                  ro code   0x800'5c26      0x1a  xsnprout.o [8]
  .text                  ro code   0x800'5c40     0x39e  cmsis_os.o [2]
  .text                  ro code   0x800'5fde      0x14  memset.o [10]
  .text                  ro code   0x800'5ff2       0xa  xsprout.o [8]
  .text                  ro code   0x800'5ffc       0x6  ABImemclr4.o [10]
  .rodata                const     0x800'6002       0x2  OCTET_STRING.o [7]
  .text                  ro code   0x800'6004     0x3e8  mem.o [6]
  .text                  ro code   0x800'63ec      0x1e  strcat.o [8]
  .rodata                const     0x800'640a       0x2  OCTET_STRING.o [7]
  .text                  ro code   0x800'640c     0x240  timeouts.o [6]
  .text                  ro code   0x800'664c    0x125c  tcp_in.o [6]
  .text                  ro code   0x800'78a8     0x404  ip4.o [6]
  .text                  ro code   0x800'7cac     0x1fe  ip4_addr.o [6]
  .rodata                const     0x800'7eaa       0x2  OCTET_STRING.o [7]
  .text                  ro code   0x800'7eac     0x298  icmp.o [6]
  .text                  ro code   0x800'8144      0x24  init.o [6]
  .text                  ro code   0x800'8168     0xb1c  tasks.o [2]
  .text                  ro code   0x800'8c84     0x922  queue.o [2]
  .rodata                const     0x800'95a6       0x2  xlocale_c.o [8]
  .text                  ro code   0x800'95a8      0x32  ABImemset48.o [10]
  .text                  ro code   0x800'95da       0x8  time_hal.o [1]
  .rodata                const     0x800'95e2       0x1  Applicationcontextnamelist.o [4]
  .rodata                const     0x800'95e3       0x1  Associationinformation.o [4]
  .text                  ro code   0x800'95e4     0x6bc  ip4_frag.o [6]
  .text                  ro code   0x800'9ca0      0xc8  inet_chksum.o [6]
  .text                  ro code   0x800'9d68       0x2  stats.o [6]
  .rodata                const     0x800'9d6a       0x1  DefineNamedVariableListRequest.o [5]
  .rodata                const     0x800'9d6b       0x1  DeleteNamedVariableListRequest.o [5]
  .text                  ro code   0x800'9d6c     0x232  netif.o [6]
  .rodata                const     0x800'9f9e       0x1  WriteRequest.o [5]
  .rodata                const     0x800'9f9f       0x1  GetNameListResponse.o [5]
  .text                  ro code   0x800'9fa0     0x322  heap_4.o [2]
  .text                  ro code   0x800'a2c2      0x98  list.o [2]
  .rodata                const     0x800'a35a       0x1  GetNamedVariableListAttributesResponse.o [5]
  .rodata                const     0x800'a35b       0x1  ReadResponse.o [5]
  .text                  ro code   0x800'a35c     0x234  port.o [2]
  .text                  ro code   0x800'a590     0x3d4  timers.o [2]
  .text                  ro code   0x800'a964     0x160  main.o [1]
  .text                  ro code   0x800'aac4       0xc  stm32f4xx_hal.o [3]
  .text                  ro code   0x800'aad0     0x95c  etharp.o [6]
  CODE                   ro code   0x800'b42c      0xa8  portasm.o [2]
  .text                  ro code   0x800'b4d4      0x34  stm32f4xx_hal.o [3]
  .text                  ro code   0x800'b508     0x374  stm32f4xx_hal_rcc.o [3]
  .text                  ro code   0x800'b87c     0x28c  stm32f4xx_hal_rcc.o [3]
  .text                  ro code   0x800'bb08      0x18  stack_protection.o [1]
  .text                  ro code   0x800'bb20     0x174  net.o [1]
  .text                  ro code   0x800'bc94     0x154  ethernet.o [6]
  .text                  ro code   0x800'bde8      0xe8  stm32f4xx_hal_cortex.o [3]
  .text                  ro code   0x800'bed0      0xb4  stm32f4xx_hal_timebase_tim.o [1]
  .text                  ro code   0x800'bf84     0x1e4  stm32f4xx_hal_msp.o [1]
  .text                  ro code   0x800'c168       0x6  abort.o [8]
  .rodata                const     0x800'c16e       0x1  WriteResponse.o [5]
  .rodata                const     0x800'c16f       0x1  InformationReport.o [5]
  .text                  ro code   0x800'c170     0x2a8  net_netif.o [1]
  .text                  ro code   0x800'c418     0x20c  net_clt.o [1]
  .text                  ro code   0x800'c624     0x352  net_srv.o [1]
  .rodata                const     0x800'c976       0x1  VariableAccessSpecification.o [5]
  .rodata                const     0x800'c977       0x1  TypeSpecification.o [5]
  .text                  ro code   0x800'c978      0x18  strcpy.o [10]
  .text                  ro code   0x800'c990      0x12  strcmp.o [10]
  .rodata                const     0x800'c9a2       0x1  AlternateAccess.o [5]
  .rodata                const     0x800'c9a3       0x1  DataSequence.o [5]
  .text                  ro code   0x800'c9a4      0x68  memcmp.o [10]
  .text                  ro code   0x800'ca0c     0x2de  stm32f4xx_hal_tim.o [3]
  .rodata                const     0x800'ccea       0x1  ScatteredAccessDescription.o [5]
  .rodata                const     0x800'cceb       0x1  xlocale_c.o [8]
  .text                  ro code   0x800'ccec     0x214  stm32f4xx_hal_gpio.o [3]
  .text                  ro code   0x800'cf00      0x14  exit.o [11]
  .text                  ro code   0x800'cf14     0x324  net_eth.o [1]
  .text                  ro code   0x800'd238      0x36  strlen.o [10]
  .text                  ro code   0x800'd270      0x40  sprintf.o [8]
  .text                  ro code   0x800'd2b0       0x2  stm32f4xx_hal_tim.o [3]
  .text                  ro code   0x800'd2b2       0x2  stm32f4xx_hal_tim.o [3]
  .text                  ro code   0x800'd2b4       0x2  stm32f4xx_hal_tim.o [3]
  .text                  ro code   0x800'd2b8      0x4c  stm32f4xx_it_cb.o [1]
  .text                  ro code   0x800'd304       0x2  stm32f4xx_hal_tim_ex.o [3]
  .text                  ro code   0x800'd306       0x2  stm32f4xx_hal_tim.o [3]
  .text                  ro code   0x800'd308       0x2  stm32f4xx_hal_tim_ex.o [3]
  .text                  ro code   0x800'd30c      0x2c  iarttio.o [11]
  .text                  ro code   0x800'd338     0xb4c  stm32f4xx_hal_eth.o [1]
  .text                  ro code   0x800'de84     0xfc6  xprintffull_nomb.o [8]
  .text                  ro code   0x800'ee4c     0x2ea  stm32f4xx_hal_uart.o [3]
  .text                  ro code   0x800'f138      0x10  stm32f4xx_hal.o [3]
  .text                  ro code   0x800'f148       0xc  XShttio.o [8]
  .text                  ro code   0x800'f154      0x1e  stm32f4xx_hal.o [3]
  .text                  ro code   0x800'f174      0x16  strchr.o [10]
  .text                  ro code   0x800'f18c      0x40  xfail_s.o [8]
  .text                  ro code   0x800'f1cc      0x58  memchr.o [10]
  .text                  ro code   0x800'f224      0x70  frexp.o [9]
  .text                  ro code   0x800'f294      0x2e  DblCmpLe.o [9]
  .text                  ro code   0x800'f2c4      0x2e  DblCmpGe.o [9]
  .text                  ro code   0x800'f2f4     0x13a  ldexp.o [9]
  .text                  ro code   0x800'f430      0x3a  DblToS32.o [9]
  .text                  ro code   0x800'f46c      0x22  S32ToDbl.o [9]
  .text                  ro code   0x800'f490      0xe2  DblSub.o [9]
  .text                  ro code   0x800'f574     0x246  DblDiv.o [9]
  .text                  ro code   0x800'f7bc      0x28  DblToU32.o [9]
  .text                  ro code   0x800'f7e4      0x1a  U32ToDbl.o [9]
  .text                  ro code   0x800'f800     0x1a2  DblMul.o [9]
  .text                  ro code   0x800'f9a4       0x8  xlocale_c.o [8]
  .text                  ro code   0x800'f9ac     0x230  I64DivMod.o [10]
  .text                  ro code   0x800'fbdc      0x26  stm32f4xx_hal_dma.o [3]
  .text                  ro code   0x800'fc02       0x2  stm32f4xx_hal_uart.o [3]
  .text                  ro code   0x800'fc04       0x2  stm32f4xx_hal_uart.o [3]
  .text                  ro code   0x800'fc08      0x28  errno.o [8]
  .text                  ro code   0x800'fc30     0x16a  DblAdd.o [9]
  .text                  ro code   0x800'fd9c       0x2  I64DivZer.o [10]
  .text                  ro code   0x800'fd9e       0x4  tp_nothreads.o [8]
  .text                  ro code   0x800'fda4    0x1da8  OCTET_STRING.o [7]
  .text                  ro code   0x801'1b4c     0x528  ber_decoder.o [7]
  .text                  ro code   0x801'2074      0x24  ABIassert.o [11]
  .text                  ro code   0x801'2098     0x132  ber_tlv_tag.o [7]
  .text                  ro code   0x801'21ca     0x1ae  ber_tlv_length.o [7]
  .text                  ro code   0x801'2378     0x226  der_encoder.o [7]
  .text                  ro code   0x801'25a0     0x48c  xer_decoder.o [7]
  .text                  ro code   0x801'2a2c     0x426  per_support.o [7]
  .text                  ro code   0x801'2e54      0x44  snprintf.o [8]
  .text                  ro code   0x801'2e98     0x300  xer_support.o [7]
  .text                  ro code   0x801'3198    0x10d0  constr_SEQUENCE.o [7]
  .text                  ro code   0x801'4268      0x40  bsearch.o [8]
  .text                  ro code   0x801'42a8     0xf0c  constr_CHOICE.o [7]
  .text                  ro code   0x801'51b4      0x20  constr_TYPE.o [7]
  .text                  ro code   0x801'51d4     0xc72  asn_integer.o [7]
  .text                  ro code   0x801'5e48     0x380  asn_codecs_prim.o [7]
  .text                  ro code   0x801'61c8     0x950  GeneralizedTime.o [7]
  .text                  ro code   0x801'6b18     0x100  strerror.o [8]
  .text                  ro code   0x801'6c18      0xa0  timegm.o [7]
  .text                  ro code   0x801'6cb8      0xd0  mktime.o [8]
  .text                  ro code   0x801'6d88       0xa  gmtime.o [8]
  .text                  ro code   0x801'6d92      0x1a  localtim.o [8]
  .text                  ro code   0x801'6dac       0x8  labs.o [8]
  .text                  ro code   0x801'6db4      0x6c  xDaysTo.o [8]
  .text                  ro code   0x801'6e20     0x10c  xttotm.o [8]
  .text                  ro code   0x801'6f2c       0x4  xTzoff_nop.o [8]
  .text                  ro code   0x801'6f30       0x6  xisdst_nop.o [8]
  .text                  ro code   0x801'6f38     0x89e  OBJECT_IDENTIFIER.o [7]
  .text                  ro code   0x801'77d8     0x848  CotpConnection.o [1]
  .text                  ro code   0x801'8020     0x42e  IsoSession.o [1]
  .text                  ro code   0x801'844e     0x198  SBuffer.o [1]
  .text                  ro code   0x801'85e8     0x12e  byte_stream.o [1]
  .text                  ro code   0x801'8716      0x8e  byte_buffer.o [1]
  .text                  ro code   0x801'87a4     0x58c  IsoPresentation.o [1]
  .text                  ro code   0x801'8d30      0x96  ABImemmove.o [10]
  .text                  ro code   0x801'8dc8     0x280  AcseConnection.o [1]
  .text                  ro code   0x801'9048     0x302  mms_server_conn.o [1]
  .text                  ro code   0x801'934a       0x2  mms_service_read.o [1]
  .text                  ro code   0x801'934c     0x7a8  constr_SET_OF.o [7]
  .text                  ro code   0x801'9af4      0x98  asn_SET_OF.o [7]
  .text                  ro code   0x801'9b8c     0x43c  BIT_STRING.o [7]
  .text                  ro code   0x801'9fc8     0x410  NativeInteger.o [7]
  .text                  ro code   0x801'a3d8     0x400  constr_SEQUENCE_OF.o [7]
  .text                  ro code   0x801'a7d8     0x37e  BOOLEAN.o [7]
  .text                  ro code   0x801'ab58     0x284  RejectPDU.o [5]
  .text                  ro code   0x801'addc     0x1ec  lz77_init.o [10]
  .text                  ro code   0x801'afc8     0x1d8  UTF8String.o [7]
  .text                  ro code   0x801'b1a0     0x1c2  Unsigned32.o [5]
  .text                  ro code   0x801'b364     0x18e  Integer16.o [5]
  .text                  ro code   0x801'b4f4     0x18e  Integer8.o [5]
  .text                  ro code   0x801'b684     0x18e  Unsigned8.o [5]
  .text                  ro code   0x801'b814     0x18a  UtcTime.o [5]
  .text                  ro code   0x801'b9a0     0x15e  Integer32.o [5]
  .text                  ro code   0x801'bb00     0x138  NULL.o [7]
  .text                  ro code   0x801'bc38     0x132  ConcludeRequestPDU.o [5]
  .text                  ro code   0x801'bd6c     0x132  ConcludeResponsePDU.o [5]
  .text                  ro code   0x801'bea0     0x132  InitiateErrorPdu.o [5]
  .text                  ro code   0x801'bfd4     0x132  AEinvocationidentifier.o [4]
  .text                  ro code   0x801'c108     0x132  APinvocationidentifier.o [4]
  .text                  ro code   0x801'c23c     0x132  Associateresult.o [4]
  .text                  ro code   0x801'c370     0x132  Implementationdata.o [4]
  .text                  ro code   0x801'c4a4     0x132  ACSErequirements.o [4]
  .text                  ro code   0x801'c5d8     0x132  Mechanismname.o [4]
  .text                  ro code   0x801'c70c     0x132  Releaseresponsereason.o [4]
  .text                  ro code   0x801'c840     0x132  Releaserequestreason.o [4]
  .text                  ro code   0x801'c974     0x132  AEqualifierform2.o [4]
  .text                  ro code   0x801'caa8     0x132  APtitleform2.o [4]
  .text                  ro code   0x801'cbdc     0x132  Applicationcontextname.o [4]
  .text                  ro code   0x801'cd10     0x132  GetNamedVariableListAttributesRequest.o [5]
  .text                  ro code   0x801'ce44     0x132  DefineNamedVariableListResponse.o [5]
  .text                  ro code   0x801'cf78     0x132  ParameterSupportOptions.o [5]
  .text                  ro code   0x801'd0ac     0x132  ServiceSupportOptions.o [5]
  .text                  ro code   0x801'd1e0     0x132  Identifier.o [5]
  .text                  ro code   0x801'd314     0x132  DataAccessError.o [5]
  .text                  ro code   0x801'd448     0x132  FloatingPoint.o [5]
  .text                  ro code   0x801'd57c     0x132  MMSString.o [5]
  .text                  ro code   0x801'd6b0     0x132  TimeOfDay.o [5]
  .text                  ro code   0x801'd7e4      0xf8  IsoConnection.o [1]
  .text                  ro code   0x801'd8dc      0xac  net_conn.o [1]
  .rodata                const     0x801'd988      0x80  memp.o [6]
  .rodata                const     0x801'da08      0x80  memp.o [6]
  .text                  ro code   0x801'da88      0x80  VisibleString.o [7]
  .rodata                const     0x801'db08      0x7c  asn_codecs_prim.o [7]
  .rodata                const     0x801'db84      0x7c  constr_SEQUENCE.o [7]
  .rodata                const     0x801'dc00      0x7c  OBJECT_IDENTIFIER.o [7]
  .rodata                const     0x801'dc7c      0x7c  GeneralizedTime.o [7]
  .rodata                const     0x801'dcf8      0x78  ber_decoder.o [7]
  .rodata                const     0x801'dd70      0x78  asn_integer.o [7]
  .rodata                const     0x801'dde8      0x78  constr_CHOICE.o [7]
  .rodata                const     0x801'de60      0x78  xer_decoder.o [7]
  .rodata                const     0x801'ded8      0x78  BIT_STRING.o [7]
  .rodata                const     0x801'df50      0x78  NativeInteger.o [7]
  .rodata                const     0x801'dfc8      0x78  constr_SET_OF.o [7]
  .rodata                const     0x801'e040      0x78  OCTET_STRING.o [7]
  .rodata                const     0x801'e0b8      0x78  VisibleString.o [7]
  .rodata                const     0x801'e130      0x78  UTF8String.o [7]
  .text                  ro code   0x801'e1a8      0x76  IsoServerConn.o [1]
  .text                  ro code   0x801'e21e      0x60  IsoServer.o [1]
  .rodata                const     0x801'e280      0x6c  ip4_frag.o [6]
  .rodata                const     0x801'e2ec      0x68  tcp_out.o [6]
  .rodata                const     0x801'e354      0x68  RejectPDU.o [5]
  .rodata                const     0x801'e3bc      0x68  timeouts.o [6]
  .rodata                const     0x801'e424      0x68  Unsigned32.o [5]
  .rodata                const     0x801'e48c      0x68  Integer16.o [5]
  .rodata                const     0x801'e4f4      0x68  Integer32.o [5]
  .rodata                const     0x801'e55c      0x68  Unsigned8.o [5]
  .rodata                const     0x801'e5c4      0x64  sockets.o [6]
  .rodata                const     0x801'e628      0x64  sockets.o [6]
  .rodata                const     0x801'e68c      0x64  pbuf.o [6]
  .rodata                const     0x801'e6f0      0x64  raw.o [6]
  .rodata                const     0x801'e754      0x64  tcp.o [6]
  .rodata                const     0x801'e7b8      0x64  udp.o [6]
  .rodata                const     0x801'e81c      0x64  Integer8.o [5]
  .rodata                const     0x801'e880      0x64  UtcTime.o [5]
  .rodata                const     0x801'e8e4      0x60  timegm.o [7]
  .text                  ro code   0x801'e944      0x60  system_stm32f4xx.o [1]
  .text                  ro code   0x801'e9a4      0x56  DeleteNamedVariableListRequest.o [5]
  .rodata                const     0x801'e9fc      0x44  constr_CHOICE.o [7]
  .rodata                const     0x801'ea40      0x44  err.o [6]
  .rodata                const     0x801'ea84      0x40  VisibleString.o [7]
  .rodata                const     0x801'eac4      0x38  memp.o [6]
  .rodata                const     0x801'eafc      0x34  OBJECT_IDENTIFIER.o [7]
  .rodata                const     0x801'eb30      0x30  constr_CHOICE.o [7]
  .text                  ro code   0x801'eb60      0x30  ANY.o [7]
  .rodata                const     0x801'eb90      0x2c  NativeInteger.o [7]
  .rodata                const     0x801'ebbc      0x2c  OCTET_STRING.o [7]
  .rodata                const     0x801'ebe8      0x2c  UTF8String.o [7]
  .rodata                const     0x801'ec14      0x28  constr_SEQUENCE.o [7]
  .rodata                const     0x801'ec3c      0x28  GetNamedVariableListAttributesRequest.o [5]
  .rodata                const     0x801'ec64      0x28  GetNamedVariableListAttributesResponse.o [5]
  .rodata                const     0x801'ec8c      0x28  UTF8String.o [7]
  .rodata                const     0x801'ecb4      0x28  UTF8String.o [7]
  .text                  ro code   0x801'ecdc      0x28  data_init.o [10]
  .text                  ro code   0x801'ed04      0x26  stm32f4xx_it.o [1]
  .rodata                const     0x801'ed2c      0x24  asn_integer.o [7]
  .rodata                const     0x801'ed50      0x24  constr_CHOICE.o [7]
  .rodata                const     0x801'ed74      0x24  AAREapdu.o [4]
  .rodata                const     0x801'ed98      0x24  AAREapdu.o [4]
  .rodata                const     0x801'edbc      0x24  InitiateRequestPdu.o [5]
  .rodata                const     0x801'ede0      0x24  InitiateRequestPdu.o [5]
  .rodata                const     0x801'ee04      0x24  InitiateRequestPdu.o [5]
  .rodata                const     0x801'ee28      0x24  InitiateResponsePdu.o [5]
  .rodata                const     0x801'ee4c      0x24  InitiateResponsePdu.o [5]
  .rodata                const     0x801'ee70      0x24  InitiateResponsePdu.o [5]
  .rodata                const     0x801'ee94      0x24  BIT_STRING.o [7]
  .rodata                const     0x801'eeb8      0x24  OCTET_STRING.o [7]
  .rodata                const     0x801'eedc      0x24  GetVariableAccessAttributesRequest.o [5]
  .rodata                const     0x801'ef00      0x24  GetVariableAccessAttributesResponse.o [5]
  .rodata                const     0x801'ef24      0x24  GeneralizedTime.o [7]
  .rodata                const     0x801'ef48      0x24  GeneralizedTime.o [7]
  .rodata                const     0x801'ef6c      0x24  GeneralizedTime.o [7]
  .rodata                const     0x801'ef90      0x24  UTF8String.o [7]
  .text                  ro code   0x801'efb4      0x22  fpinit_M.o [9]
  .iar.init_table        const     0x801'efd8      0x68  - Linker created -
  .rodata                const     0x801'f040      0x20  AARQapdu.o [4]
  .rodata                const     0x801'f060      0x20  AARQapdu.o [4]
  .rodata                const     0x801'f080      0x20  AARQapdu.o [4]
  .rodata                const     0x801'f0a0      0x20  AARQapdu.o [4]
  .rodata                const     0x801'f0c0      0x20  RejectPDU.o [5]
  .rodata                const     0x801'f0e0      0x20  OBJECT_IDENTIFIER.o [7]
  .rodata                const     0x801'f100      0x20  Unsigned32.o [5]
  .rodata                const     0x801'f120      0x20  ConfirmedServiceRequest.o [5]
  .rodata                const     0x801'f140      0x20  ConfirmedServiceResponse.o [5]
  .rodata                const     0x801'f160      0x20  Integer16.o [5]
  .rodata                const     0x801'f180      0x20  Integer8.o [5]
  .rodata                const     0x801'f1a0      0x20  DefineNamedVariableListRequest.o [5]
  .rodata                const     0x801'f1c0      0x20  DeleteNamedVariableListRequest.o [5]
  .rodata                const     0x801'f1e0      0x20  DefineNamedVariableListResponse.o [5]
  .rodata                const     0x801'f200      0x20  DeleteNamedVariableListResponse.o [5]
  .rodata                const     0x801'f220      0x20  UtcTime.o [5]
  .rodata                const     0x801'f240      0x20  Unsigned8.o [5]
  .text                  ro code   0x801'f260      0x20  cmain_call_ctors.o [10]
  .text                  ro code   0x801'f280      0x18  cppinit.o [8]
  .text                  ro code   0x801'f298      0x1e  cmain.o [10]
  .text                  ro code   0x801'f2b6       0x4  low_level_init.o [8]
  .text                  ro code   0x801'f2ba       0x4  exit.o [8]
  .text                  ro code   0x801'f2c0       0xa  cexit.o [10]
  .rodata                const     0x801'f2cc      0x1c  IsoServerConn.o [1]
  .rodata                const     0x801'f2e8      0x1c  constr_CHOICE.o [7]
  .rodata                const     0x801'f304      0x1c  constr_CHOICE.o [7]
  .rodata                const     0x801'f320      0x1c  AAREapdu.o [4]
  .rodata                const     0x801'f33c      0x1c  AAREapdu.o [4]
  .rodata                const     0x801'f358      0x1c  AARQapdu.o [4]
  .rodata                const     0x801'f374      0x1c  AARQapdu.o [4]
  .rodata                const     0x801'f390      0x1c  AARQapdu.o [4]
  .rodata                const     0x801'f3ac      0x1c  ConfirmedResponsePdu.o [5]
  .rodata                const     0x801'f3c8      0x1c  RejectPDU.o [5]
  .rodata                const     0x801'f3e4      0x1c  asn_codecs_prim.o [7]
  .rodata                const     0x801'f400      0x1c  xer_decoder.o [7]
  .rodata                const     0x801'f41c      0x1c  constr_SEQUENCE.o [7]
  .rodata                const     0x801'f438      0x1c  Applicationcontextnamelist.o [4]
  .rodata                const     0x801'f454      0x1c  Associatesourcediagnostic.o [4]
  .rodata                const     0x801'f470      0x1c  BIT_STRING.o [7]
  .rodata                const     0x801'f48c      0x1c  OBJECT_IDENTIFIER.o [7]
  .rodata                const     0x801'f4a8      0x1c  Unsigned32.o [5]
  .rodata                const     0x801'f4c4      0x1c  Unsigned32.o [5]
  .rodata                const     0x801'f4e0      0x1c  ConfirmedServiceRequest.o [5]
  .rodata                const     0x801'f4fc      0x1c  ConfirmedServiceResponse.o [5]
  .rodata                const     0x801'f518      0x1c  ConfirmedServiceResponse.o [5]
  .rodata                const     0x801'f534      0x1c  InitRequestDetail.o [5]
  .rodata                const     0x801'f550      0x1c  Integer16.o [5]
  .rodata                const     0x801'f56c      0x1c  Integer32.o [5]
  .rodata                const     0x801'f588      0x1c  Integer8.o [5]
  .rodata                const     0x801'f5a4      0x1c  NativeInteger.o [7]
  .rodata                const     0x801'f5c0      0x1c  constr_SET_OF.o [7]
  .rodata                const     0x801'f5dc      0x1c  VisibleString.o [7]
  .rodata                const     0x801'f5f8      0x1c  ReadRequest.o [5]
  .rodata                const     0x801'f614      0x1c  WriteRequest.o [5]
  .rodata                const     0x801'f630      0x1c  ReadResponse.o [5]
  .rodata                const     0x801'f64c      0x1c  InformationReport.o [5]
  .rodata                const     0x801'f668      0x1c  VariableAccessSpecification.o [5]
  .rodata                const     0x801'f684      0x1c  VariableSpecification.o [5]
  .rodata                const     0x801'f6a0      0x1c  GeneralizedTime.o [7]
  .rodata                const     0x801'f6bc      0x1c  UtcTime.o [5]
  .rodata                const     0x801'f6d8      0x1c  Unsigned8.o [5]
  .rodata                const     0x801'f6f4      0x1c  ScatteredAccessDescription.o [5]
  .rodata                const     0x801'f710      0x1c  AlternateAccessSelection.o [5]
  .rodata                const     0x801'f72c      0x18  ber_decoder.o [7]
  .rodata                const     0x801'f744      0x18  MmsPdu.o [5]
  .rodata                const     0x801'f75c      0x18  AAREapdu.o [4]
  .rodata                const     0x801'f774      0x18  AAREapdu.o [4]
  .rodata                const     0x801'f78c      0x18  AAREapdu.o [4]
  .rodata                const     0x801'f7a4      0x18  AARQapdu.o [4]
  .rodata                const     0x801'f7bc      0x18  AARQapdu.o [4]
  .rodata                const     0x801'f7d4      0x18  ConfirmedRequestPdu.o [5]
  .rodata                const     0x801'f7ec      0x18  ConfirmedResponsePdu.o [5]
  .rodata                const     0x801'f804      0x18  InitiateRequestPdu.o [5]
  .rodata                const     0x801'f81c      0x18  InitiateResponsePdu.o [5]
  .rodata                const     0x801'f834      0x18  RejectPDU.o [5]
  .rodata                const     0x801'f84c      0x18  xer_decoder.o [7]
  .rodata                const     0x801'f864      0x18  timeouts.o [6]
  .rodata                const     0x801'f87c      0x18  AEinvocationidentifier.o [4]
  .rodata                const     0x801'f894      0x18  APinvocationidentifier.o [4]
  .rodata                const     0x801'f8ac      0x18  Associationinformation.o [4]
  .rodata                const     0x801'f8c4      0x18  Releaseresponsereason.o [4]
  .rodata                const     0x801'f8dc      0x18  Releaserequestreason.o [4]
  .rodata                const     0x801'f8f4      0x18  ServiceError.o [5]
  .rodata                const     0x801'f90c      0x18  ServiceError.o [5]
  .rodata                const     0x801'f924      0x18  ConfirmedServiceRequest.o [5]
  .rodata                const     0x801'f93c      0x18  ConfirmedServiceRequest.o [5]
  .rodata                const     0x801'f954      0x18  ConfirmedServiceRequest.o [5]
  .rodata                const     0x801'f96c      0x18  ConfirmedServiceResponse.o [5]
  .rodata                const     0x801'f984      0x18  ConfirmedServiceResponse.o [5]
  .rodata                const     0x801'f99c      0x18  InitRequestDetail.o [5]
  .rodata                const     0x801'f9b4      0x18  InitRequestDetail.o [5]
  .rodata                const     0x801'f9cc      0x18  InitResponseDetail.o [5]
  .rodata                const     0x801'f9e4      0x18  InitResponseDetail.o [5]
  .rodata                const     0x801'f9fc      0x18  InitResponseDetail.o [5]
  .rodata                const     0x801'fa14      0x18  Applicationcontextname.o [4]
  .rodata                const     0x801'fa2c      0x18  DeleteNamedVariableListRequest.o [5]
  .rodata                const     0x801'fa44      0x18  ReadRequest.o [5]
  .rodata                const     0x801'fa5c      0x18  ParameterSupportOptions.o [5]
  .rodata                const     0x801'fa74      0x18  ServiceSupportOptions.o [5]
  .rodata                const     0x801'fa8c      0x18  ListOfVariableSeq.o [5]
  .rodata                const     0x801'faa4      0x18  Address.o [5]
  .rodata                const     0x801'fabc      0x18  VariableSpecification.o [5]
  .rodata                const     0x801'fad4      0x18  AlternateAccessChoice.o [5]
  .rodata                const     0x801'faec      0x18  ScatteredAccessDescription.o [5]
  .rodata                const     0x801'fb04      0x14  MmsPdu.o [5]
  .rodata                const     0x801'fb18      0x14  MmsPdu.o [5]
  .rodata                const     0x801'fb2c      0x14  MmsPdu.o [5]
  .rodata                const     0x801'fb40      0x14  MmsPdu.o [5]
  .rodata                const     0x801'fb54      0x14  MmsPdu.o [5]
  .rodata                const     0x801'fb68      0x14  MmsPdu.o [5]
  .rodata                const     0x801'fb7c      0x14  MmsPdu.o [5]
  .rodata                const     0x801'fb90      0x14  asn_integer.o [7]
  .rodata                const     0x801'fba4      0x14  AAREapdu.o [4]
  .rodata                const     0x801'fbb8      0x14  AARQapdu.o [4]
  .rodata                const     0x801'fbcc      0x14  AARQapdu.o [4]
  .rodata                const     0x801'fbe0      0x14  memp.o [6]
  .rodata                const     0x801'fbf4      0x14  memp.o [6]
  .rodata                const     0x801'fc08      0x14  memp.o [6]
  .rodata                const     0x801'fc1c      0x14  memp.o [6]
  .rodata                const     0x801'fc30      0x14  memp.o [6]
  .rodata                const     0x801'fc44      0x14  memp.o [6]
  .rodata                const     0x801'fc58      0x14  memp.o [6]
  .rodata                const     0x801'fc6c      0x14  memp.o [6]
  .rodata                const     0x801'fc80      0x14  memp.o [6]
  .rodata                const     0x801'fc94      0x14  memp.o [6]
  .rodata                const     0x801'fca8      0x14  memp.o [6]
  .rodata                const     0x801'fcbc      0x14  memp.o [6]
  .rodata                const     0x801'fcd0      0x14  memp.o [6]
  .rodata                const     0x801'fce4      0x14  memp.o [6]
  .rodata                const     0x801'fcf8      0x14  ConcludeRequestPDU.o [5]
  .rodata                const     0x801'fd0c      0x14  ConcludeResponsePDU.o [5]
  .rodata                const     0x801'fd20      0x14  ConfirmedErrorPDU.o [5]
  .rodata                const     0x801'fd34      0x14  ConfirmedRequestPdu.o [5]
  .rodata                const     0x801'fd48      0x14  InitiateErrorPdu.o [5]
  .rodata                const     0x801'fd5c      0x14  InitiateRequestPdu.o [5]
  .rodata                const     0x801'fd70      0x14  InitiateRequestPdu.o [5]
  .rodata                const     0x801'fd84      0x14  InitiateResponsePdu.o [5]
  .rodata                const     0x801'fd98      0x14  InitiateResponsePdu.o [5]
  .rodata                const     0x801'fdac      0x14  RejectPDU.o [5]
  .rodata                const     0x801'fdc0      0x14  RejectPDU.o [5]
  .rodata                const     0x801'fdd4      0x14  RejectPDU.o [5]
  .rodata                const     0x801'fde8      0x14  RejectPDU.o [5]
  .rodata                const     0x801'fdfc      0x14  RejectPDU.o [5]
  .rodata                const     0x801'fe10      0x14  RejectPDU.o [5]
  .rodata                const     0x801'fe24      0x14  RejectPDU.o [5]
  .rodata                const     0x801'fe38      0x14  RejectPDU.o [5]
  .rodata                const     0x801'fe4c      0x14  UnconfirmedPDU.o [5]
  .rodata                const     0x801'fe60      0x14  AEqualifier.o [4]
  .rodata                const     0x801'fe74      0x14  Associatesourcediagnostic.o [4]
  .rodata                const     0x801'fe88      0x14  BIT_STRING.o [7]
  .rodata                const     0x801'fe9c      0x14  Implementationdata.o [4]
  .rodata                const     0x801'feb0      0x14  OBJECT_IDENTIFIER.o [7]
  .rodata                const     0x801'fec4      0x14  OBJECT_IDENTIFIER.o [7]
  .rodata                const     0x801'fed8      0x14  OBJECT_IDENTIFIER.o [7]
  .rodata                const     0x801'feec      0x14  ACSErequirements.o [4]
  .rodata                const     0x801'ff00      0x14  Authenticationvalue.o [4]
  .rodata                const     0x801'ff14      0x14  InitRequestDetail.o [5]
  .rodata                const     0x801'ff28      0x14  InitResponseDetail.o [5]
  .rodata                const     0x801'ff3c      0x14  UnconfirmedService.o [5]
  .rodata                const     0x801'ff50      0x14  UnconfirmedService.o [5]
  .rodata                const     0x801'ff64      0x14  AEqualifierform2.o [4]
  .rodata                const     0x801'ff78      0x14  constr_SET_OF.o [7]
  .rodata                const     0x801'ff8c      0x14  Myexternal.o [4]
  .rodata                const     0x801'ffa0      0x14  OCTET_STRING.o [7]
  .rodata                const     0x801'ffb4      0x14  OCTET_STRING.o [7]
  .rodata                const     0x801'ffc8      0x14  DefineNamedVariableListRequest.o [5]
  .rodata                const     0x801'ffdc      0x14  GetNameListRequest.o [5]
  .rodata                const     0x801'fff0      0x14  GetNameListResponse.o [5]
  .rodata                const     0x802'0004      0x14  GetNameListResponse.o [5]
  .rodata                const     0x802'0018      0x14  GetVariableAccessAttributesResponse.o [5]
  .rodata                const     0x802'002c      0x14  ReadResponse.o [5]
  .rodata                const     0x802'0040      0x14  InformationReport.o [5]
  .rodata                const     0x802'0054      0x14  InformationReport.o [5]
  .rodata                const     0x802'0068      0x14  ListOfVariableSeq.o [5]
  .rodata                const     0x802'007c      0x14  ObjectClass.o [5]
  .rodata                const     0x802'0090      0x14  VariableAccessSpecification.o [5]
  .rodata                const     0x802'00a4      0x14  TypeSpecification.o [5]
  .rodata                const     0x802'00b8      0x14  TypeSpecification.o [5]
  .rodata                const     0x802'00cc      0x14  VariableSpecification.o [5]
  .rodata                const     0x802'00e0      0x14  VariableSpecification.o [5]
  .rodata                const     0x802'00f4      0x14  UTF8String.o [7]
  .rodata                const     0x802'0108      0x14  IndexRangeSeq.o [5]
  .rodata                const     0x802'011c      0x10  main.o [1]
  .rodata                const     0x802'012c      0x10  net_netif.o [1]
  .rodata                const     0x802'013c      0x10  net_netif.o [1]
  .rodata                const     0x802'014c      0x10  system_stm32f4xx.o [1]
  .rodata                const     0x802'015c      0x10  MmsPdu.o [5]
  .rodata                const     0x802'016c      0x10  constr_CHOICE.o [7]
  .rodata                const     0x802'017c      0x10  constr_CHOICE.o [7]
  .rodata                const     0x802'018c      0x10  AAREapdu.o [4]
  .rodata                const     0x802'019c      0x10  AAREapdu.o [4]
  .rodata                const     0x802'01ac      0x10  AARQapdu.o [4]
  .rodata                const     0x802'01bc      0x10  AARQapdu.o [4]
  .rodata                const     0x802'01cc      0x10  AARQapdu.o [4]
  .rodata                const     0x802'01dc      0x10  AARQapdu.o [4]
  .rodata                const     0x802'01ec      0x10  AARQapdu.o [4]
  .rodata                const     0x802'01fc      0x10  RLREapdu.o [4]
  .rodata                const     0x802'020c      0x10  RLRQapdu.o [4]
  .rodata                const     0x802'021c      0x10  ber_tlv_tag.o [7]
  .rodata                const     0x802'022c      0x10  memp.o [6]
  .rodata                const     0x802'023c      0x10  memp.o [6]
  .rodata                const     0x802'024c      0x10  memp.o [6]
  .rodata                const     0x802'025c      0x10  memp.o [6]
  .rodata                const     0x802'026c      0x10  tcp.o [6]
  .rodata                const     0x802'027c      0x10  tcp.o [6]
  .rodata                const     0x802'028c      0x10  ConfirmedErrorPDU.o [5]
  .rodata                const     0x802'029c      0x10  RejectPDU.o [5]
  .rodata                const     0x802'02ac      0x10  RejectPDU.o [5]
  .rodata                const     0x802'02bc      0x10  RejectPDU.o [5]
  .rodata                const     0x802'02cc      0x10  UnconfirmedPDU.o [5]
  .rodata                const     0x802'02dc      0x10  xer_decoder.o [7]
  .rodata                const     0x802'02ec      0x10  APtitle.o [4]
  .rodata                const     0x802'02fc      0x10  Associateresult.o [4]
  .rodata                const     0x802'030c      0x10  Associatesourcediagnostic.o [4]
  .rodata                const     0x802'031c      0x10  Mechanismname.o [4]
  .rodata                const     0x802'032c      0x10  ServiceError.o [5]
  .rodata                const     0x802'033c      0x10  ServiceError.o [5]
  .rodata                const     0x802'034c      0x10  ServiceError.o [5]
  .rodata                const     0x802'035c      0x10  ServiceError.o [5]
  .rodata                const     0x802'036c      0x10  APtitleform2.o [4]
  .rodata                const     0x802'037c      0x10  Myexternal.o [4]
  .rodata                const     0x802'038c      0x10  Myexternal.o [4]
  .rodata                const     0x802'039c      0x10  Myexternal.o [4]
  .rodata                const     0x802'03ac      0x10  OCTET_STRING.o [7]
  .rodata                const     0x802'03bc      0x10  OCTET_STRING.o [7]
  .rodata                const     0x802'03cc      0x10  OCTET_STRING.o [7]
  .rodata                const     0x802'03dc      0x10  OCTET_STRING.o [7]
  .rodata                const     0x802'03ec      0x10  OCTET_STRING.o [7]
  .rodata                const     0x802'03fc      0x10  GraphicString.o [7]
  .rodata                const     0x802'040c      0x10  VisibleString.o [7]
  .rodata                const     0x802'041c      0x10  DefineNamedVariableListRequest.o [5]
  .rodata                const     0x802'042c      0x10  DeleteNamedVariableListRequest.o [5]
  .rodata                const     0x802'043c      0x10  GetNameListRequest.o [5]
  .rodata                const     0x802'044c      0x10  GetNameListRequest.o [5]
  .rodata                const     0x802'045c      0x10  WriteRequest.o [5]
  .rodata                const     0x802'046c      0x10  DeleteNamedVariableListResponse.o [5]
  .rodata                const     0x802'047c      0x10  DeleteNamedVariableListResponse.o [5]
  .rodata                const     0x802'048c      0x10  GetNamedVariableListAttributesResponse.o [5]
  .rodata                const     0x802'049c      0x10  GetNamedVariableListAttributesResponse.o [5]
  .rodata                const     0x802'04ac      0x10  GetVariableAccessAttributesResponse.o [5]
  .rodata                const     0x802'04bc      0x10  ReadResponse.o [5]
  .rodata                const     0x802'04cc      0x10  WriteResponse.o [5]
  .rodata                const     0x802'04dc      0x10  ListOfVariableSeq.o [5]
  .rodata                const     0x802'04ec      0x10  ObjectName.o [5]
  .rodata                const     0x802'04fc      0x10  Address.o [5]
  .rodata                const     0x802'050c      0x10  Address.o [5]
  .rodata                const     0x802'051c      0x10  VariableAccessSpecification.o [5]
  .rodata                const     0x802'052c      0x10  Data.o [5]
  .rodata                const     0x802'053c      0x10  Data.o [5]
  .rodata                const     0x802'054c      0x10  Data.o [5]
  .rodata                const     0x802'055c      0x10  Data.o [5]
  .rodata                const     0x802'056c      0x10  TypeSpecification.o [5]
  .rodata                const     0x802'057c      0x10  TypeSpecification.o [5]
  .rodata                const     0x802'058c      0x10  TypeSpecification.o [5]
  .rodata                const     0x802'059c      0x10  TypeSpecification.o [5]
  .rodata                const     0x802'05ac      0x10  AccessResult.o [5]
  .rodata                const     0x802'05bc      0x10  AccessResult.o [5]
  .rodata                const     0x802'05cc      0x10  AccessResult.o [5]
  .rodata                const     0x802'05dc      0x10  AccessResult.o [5]
  .rodata                const     0x802'05ec      0x10  AccessResult.o [5]
  .rodata                const     0x802'05fc      0x10  DataAccessError.o [5]
  .rodata                const     0x802'060c      0x10  AlternateAccess.o [5]
  .rodata                const     0x802'061c      0x10  DataSequence.o [5]
  .rodata                const     0x802'062c      0x10  FloatingPoint.o [5]
  .rodata                const     0x802'063c      0x10  GeneralizedTime.o [7]
  .rodata                const     0x802'064c      0x10  StructComponent.o [5]
  .rodata                const     0x802'065c      0x10  StructComponent.o [5]
  .rodata                const     0x802'066c      0x10  StructComponent.o [5]
  .rodata                const     0x802'067c      0x10  AlternateAccessChoice.o [5]
  .rodata                const     0x802'068c      0x10  ScatteredAccessDescription.o [5]
  .rodata                const     0x802'069c      0x10  ScatteredAccessDescription.o [5]
  .rodata                const     0x802'06ac      0x10  AlternateAccessSelection.o [5]
  .rodata                const     0x802'06bc      0x10  IndexRangeSeq.o [5]
  .text                  ro code   0x802'06cc      0x10  mms_server_common.o [1]
  .text                  ro code   0x802'06dc      0x10  startup_stm32f407xx.o [1]
  .rodata                const     0x802'06ec       0xc  CotpConnection.o [1]
  .rodata                const     0x802'06f8       0xc  net_clt.o [1]
  .rodata                const     0x802'0704       0xc  net_netif.o [1]
  .rodata                const     0x802'0710       0xc  net_netif.o [1]
  .rodata                const     0x802'071c       0xc  net_srv.o [1]
  .rodata                const     0x802'0728       0xc  net_srv.o [1]
  .rodata                const     0x802'0734       0xc  ACSEapdu.o [4]
  .rodata                const     0x802'0740       0xc  ber_decoder.o [7]
  .rodata                const     0x802'074c       0xc  ber_decoder.o [7]
  .rodata                const     0x802'0758       0xc  MmsPdu.o [5]
  .rodata                const     0x802'0764       0xc  asn_integer.o [7]
  .rodata                const     0x802'0770       0xc  asn_integer.o [7]
  .rodata                const     0x802'077c       0xc  constr_CHOICE.o [7]
  .rodata                const     0x802'0788       0xc  constr_CHOICE.o [7]
  .rodata                const     0x802'0794       0xc  constr_CHOICE.o [7]
  .rodata                const     0x802'07a0       0xc  constr_CHOICE.o [7]
  .rodata                const     0x802'07ac       0xc  AAREapdu.o [4]
  .rodata                const     0x802'07b8       0xc  AARQapdu.o [4]
  .rodata                const     0x802'07c4       0xc  RLREapdu.o [4]
  .rodata                const     0x802'07d0       0xc  RLRQapdu.o [4]
  .rodata                const     0x802'07dc       0xc  ber_tlv_tag.o [7]
  .rodata                const     0x802'07e8       0xc  ber_tlv_tag.o [7]
  .rodata                const     0x802'07f4       0xc  memp.o [6]
  .rodata                const     0x802'0800       0xc  memp.o [6]
  .rodata                const     0x802'080c       0xc  memp.o [6]
  .rodata                const     0x802'0818       0xc  memp.o [6]
  .rodata                const     0x802'0824       0xc  ConfirmedErrorPDU.o [5]
  .rodata                const     0x802'0830       0xc  ConfirmedRequestPdu.o [5]
  .rodata                const     0x802'083c       0xc  ConfirmedResponsePdu.o [5]
  .rodata                const     0x802'0848       0xc  RejectPDU.o [5]
  .rodata                const     0x802'0854       0xc  RejectPDU.o [5]
  .rodata                const     0x802'0860       0xc  xer_decoder.o [7]
  .rodata                const     0x802'086c       0xc  xer_decoder.o [7]
  .rodata                const     0x802'0878       0xc  constr_SEQUENCE.o [7]
  .rodata                const     0x802'0884       0xc  AEqualifier.o [4]
  .rodata                const     0x802'0890       0xc  BIT_STRING.o [7]
  .rodata                const     0x802'089c       0xc  BIT_STRING.o [7]
  .rodata                const     0x802'08a8       0xc  BIT_STRING.o [7]
  .rodata                const     0x802'08b4       0xc  OBJECT_IDENTIFIER.o [7]
  .rodata                const     0x802'08c0       0xc  Authenticationvalue.o [4]
  .rodata                const     0x802'08cc       0xc  Authenticationvalue.o [4]
  .rodata                const     0x802'08d8       0xc  NULL.o [7]
  .rodata                const     0x802'08e4       0xc  NULL.o [7]
  .rodata                const     0x802'08f0       0xc  ServiceError.o [5]
  .rodata                const     0x802'08fc       0xc  ServiceError.o [5]
  .rodata                const     0x802'0908       0xc  ServiceError.o [5]
  .rodata                const     0x802'0914       0xc  ServiceError.o [5]
  .rodata                const     0x802'0920       0xc  ServiceError.o [5]
  .rodata                const     0x802'092c       0xc  ServiceError.o [5]
  .rodata                const     0x802'0938       0xc  Unsigned32.o [5]
  .rodata                const     0x802'0944       0xc  ConfirmedServiceRequest.o [5]
  .rodata                const     0x802'0950       0xc  ConfirmedServiceResponse.o [5]
  .rodata                const     0x802'095c       0xc  Integer16.o [5]
  .rodata                const     0x802'0968       0xc  Integer32.o [5]
  .rodata                const     0x802'0974       0xc  Integer8.o [5]
  .rodata                const     0x802'0980       0xc  NativeInteger.o [7]
  .rodata                const     0x802'098c       0xc  constr_SET_OF.o [7]
  .rodata                const     0x802'0998       0xc  Myexternal.o [4]
  .rodata                const     0x802'09a4       0xc  Myexternal.o [4]
  .rodata                const     0x802'09b0       0xc  Myexternal.o [4]
  .rodata                const     0x802'09bc       0xc  OCTET_STRING.o [7]
  .rodata                const     0x802'09c8       0xc  BOOLEAN.o [7]
  .rodata                const     0x802'09d4       0xc  BOOLEAN.o [7]
  .rodata                const     0x802'09e0       0xc  DeleteNamedVariableListRequest.o [5]
  .rodata                const     0x802'09ec       0xc  GetNameListRequest.o [5]
  .rodata                const     0x802'09f8       0xc  GetNameListRequest.o [5]
  .rodata                const     0x802'0a04       0xc  GetNameListRequest.o [5]
  .rodata                const     0x802'0a10       0xc  GetNameListRequest.o [5]
  .rodata                const     0x802'0a1c       0xc  ReadRequest.o [5]
  .rodata                const     0x802'0a28       0xc  WriteRequest.o [5]
  .rodata                const     0x802'0a34       0xc  GetNameListResponse.o [5]
  .rodata                const     0x802'0a40       0xc  ObjectName.o [5]
  .rodata                const     0x802'0a4c       0xc  ObjectName.o [5]
  .rodata                const     0x802'0a58       0xc  ObjectName.o [5]
  .rodata                const     0x802'0a64       0xc  ObjectName.o [5]
  .rodata                const     0x802'0a70       0xc  Identifier.o [5]
  .rodata                const     0x802'0a7c       0xc  ObjectClass.o [5]
  .rodata                const     0x802'0a88       0xc  Data.o [5]
  .rodata                const     0x802'0a94       0xc  Data.o [5]
  .rodata                const     0x802'0aa0       0xc  Data.o [5]
  .rodata                const     0x802'0aac       0xc  Data.o [5]
  .rodata                const     0x802'0ab8       0xc  Data.o [5]
  .rodata                const     0x802'0ac4       0xc  Data.o [5]
  .rodata                const     0x802'0ad0       0xc  TypeSpecification.o [5]
  .rodata                const     0x802'0adc       0xc  TypeSpecification.o [5]
  .rodata                const     0x802'0ae8       0xc  TypeSpecification.o [5]
  .rodata                const     0x802'0af4       0xc  TypeSpecification.o [5]
  .rodata                const     0x802'0b00       0xc  TypeSpecification.o [5]
  .rodata                const     0x802'0b0c       0xc  TypeSpecification.o [5]
  .rodata                const     0x802'0b18       0xc  TypeSpecification.o [5]
  .rodata                const     0x802'0b24       0xc  TypeSpecification.o [5]
  .rodata                const     0x802'0b30       0xc  TypeSpecification.o [5]
  .rodata                const     0x802'0b3c       0xc  TypeSpecification.o [5]
  .rodata                const     0x802'0b48       0xc  AccessResult.o [5]
  .rodata                const     0x802'0b54       0xc  AccessResult.o [5]
  .rodata                const     0x802'0b60       0xc  AccessResult.o [5]
  .rodata                const     0x802'0b6c       0xc  AccessResult.o [5]
  .rodata                const     0x802'0b78       0xc  AccessResult.o [5]
  .rodata                const     0x802'0b84       0xc  AccessResult.o [5]
  .rodata                const     0x802'0b90       0xc  VariableSpecification.o [5]
  .rodata                const     0x802'0b9c       0xc  GeneralizedTime.o [7]
  .rodata                const     0x802'0ba8       0xc  GeneralizedTime.o [7]
  .rodata                const     0x802'0bb4       0xc  GeneralizedTime.o [7]
  .rodata                const     0x802'0bc0       0xc  MMSString.o [5]
  .rodata                const     0x802'0bcc       0xc  TimeOfDay.o [5]
  .rodata                const     0x802'0bd8       0xc  Unsigned8.o [5]
  .rodata                const     0x802'0be4       0xc  ScatteredAccessDescription.o [5]
  .rodata                const     0x802'0bf0       0xc  UTF8String.o [7]
  .rodata                const     0x802'0bfc       0xc  UTF8String.o [7]
  .rodata                const     0x802'0c08       0xc  AlternateAccessSelection.o [5]
  .rodata                const     0x802'0c14       0xc  AlternateAccessSelection.o [5]
  .rodata                const     0x802'0c20       0xc  AlternateAccessSelection.o [5]
  .rodata                const     0x802'0c2c       0xc  IndexRangeSeq.o [5]
  .text                  ro code   0x802'0c38       0xc  cstartup_M.o [10]
  .rodata                const     0x802'0c44       0x8  main.o [1]
  .rodata                const     0x802'0c4c       0x8  net_eth.o [1]
  .rodata                const     0x802'0c54       0x8  net_eth.o [1]
  .rodata                const     0x802'0c5c       0x8  net_netif.o [1]
  .rodata                const     0x802'0c64       0x8  system_stm32f4xx.o [1]
  .rodata                const     0x802'0c6c       0x8  ACSEapdu.o [4]
  .rodata                const     0x802'0c74       0x8  ACSEapdu.o [4]
  .rodata                const     0x802'0c7c       0x8  ACSEapdu.o [4]
  .rodata                const     0x802'0c84       0x8  ACSEapdu.o [4]
  .rodata                const     0x802'0c8c       0x8  tasks.o [2]
  .rodata                const     0x802'0c94       0x8  MmsPdu.o [5]
  .rodata                const     0x802'0c9c       0x8  asn_integer.o [7]
  .rodata                const     0x802'0ca4       0x8  asn_integer.o [7]
  .rodata                const     0x802'0cac       0x8  tcpip.o [6]
  .rodata                const     0x802'0cb4       0x8  sys_arch.o [6]
  .rodata                const     0x802'0cbc       0x8  ethernet.o [6]
  .rodata                const     0x802'0cc4       0x8  ethernet.o [6]
  .rodata                const     0x802'0ccc       0x8  constr_CHOICE.o [7]
  .rodata                const     0x802'0cd4       0x8  AAREapdu.o [4]
  .rodata                const     0x802'0cdc       0x8  RLREapdu.o [4]
  .rodata                const     0x802'0ce4       0x8  RLRQapdu.o [4]
  .rodata                const     0x802'0cec       0x8  ber_tlv_tag.o [7]
  .rodata                const     0x802'0cf4       0x8  memp.o [6]
  .rodata                const     0x802'0cfc       0x8  memp.o [6]
  .rodata                const     0x802'0d04       0x8  memp.o [6]
  .rodata                const     0x802'0d0c       0x8  memp.o [6]
  .rodata                const     0x802'0d14       0x8  memp.o [6]
  .rodata                const     0x802'0d1c       0x8  memp.o [6]
  .rodata                const     0x802'0d24       0x8  tcp.o [6]
  .rodata                const     0x802'0d2c       0x8  timers.o [2]
  .rodata                const     0x802'0d34       0x8  timers.o [2]
  .rodata                const     0x802'0d3c       0x8  constr_SEQUENCE.o [7]
  .rodata                const     0x802'0d44       0x8  constr_SEQUENCE.o [7]
  .rodata                const     0x802'0d4c       0x8  APtitle.o [4]
  .rodata                const     0x802'0d54       0x8  BIT_STRING.o [7]
  .rodata                const     0x802'0d5c       0x8  BIT_STRING.o [7]
  .rodata                const     0x802'0d64       0x8  BIT_STRING.o [7]
  .rodata                const     0x802'0d6c       0x8  BIT_STRING.o [7]
  .rodata                const     0x802'0d74       0x8  BIT_STRING.o [7]
  .rodata                const     0x802'0d7c       0x8  BIT_STRING.o [7]
  .rodata                const     0x802'0d84       0x8  BIT_STRING.o [7]
  .rodata                const     0x802'0d8c       0x8  BIT_STRING.o [7]
  .rodata                const     0x802'0d94       0x8  BIT_STRING.o [7]
  .rodata                const     0x802'0d9c       0x8  BIT_STRING.o [7]
  .rodata                const     0x802'0da4       0x8  BIT_STRING.o [7]
  .rodata                const     0x802'0dac       0x8  BIT_STRING.o [7]
  .rodata                const     0x802'0db4       0x8  BIT_STRING.o [7]
  .rodata                const     0x802'0dbc       0x8  BIT_STRING.o [7]
  .rodata                const     0x802'0dc4       0x8  BIT_STRING.o [7]
  .rodata                const     0x802'0dcc       0x8  BIT_STRING.o [7]
  .rodata                const     0x802'0dd4       0x8  BIT_STRING.o [7]
  .rodata                const     0x802'0ddc       0x8  NULL.o [7]
  .rodata                const     0x802'0de4       0x8  ServiceError.o [5]
  .rodata                const     0x802'0dec       0x8  ServiceError.o [5]
  .rodata                const     0x802'0df4       0x8  ServiceError.o [5]
  .rodata                const     0x802'0dfc       0x8  ServiceError.o [5]
  .rodata                const     0x802'0e04       0x8  ServiceError.o [5]
  .rodata                const     0x802'0e0c       0x8  ConfirmedServiceRequest.o [5]
  .rodata                const     0x802'0e14       0x8  ConfirmedServiceRequest.o [5]
  .rodata                const     0x802'0e1c       0x8  ConfirmedServiceResponse.o [5]
  .rodata                const     0x802'0e24       0x8  ConfirmedServiceResponse.o [5]
  .rodata                const     0x802'0e2c       0x8  NativeInteger.o [7]
  .rodata                const     0x802'0e34       0x8  constr_SEQUENCE_OF.o [7]
  .rodata                const     0x802'0e3c       0x8  constr_SET_OF.o [7]
  .rodata                const     0x802'0e44       0x8  constr_SET_OF.o [7]
  .rodata                const     0x802'0e4c       0x8  OCTET_STRING.o [7]
  .rodata                const     0x802'0e54       0x8  OCTET_STRING.o [7]
  .rodata                const     0x802'0e5c       0x8  OCTET_STRING.o [7]
  .rodata                const     0x802'0e64       0x8  OCTET_STRING.o [7]
  .rodata                const     0x802'0e6c       0x8  OCTET_STRING.o [7]
  .rodata                const     0x802'0e74       0x8  OCTET_STRING.o [7]
  .rodata                const     0x802'0e7c       0x8  OCTET_STRING.o [7]
  .rodata                const     0x802'0e84       0x8  OCTET_STRING.o [7]
  .rodata                const     0x802'0e8c       0x8  OCTET_STRING.o [7]
  .rodata                const     0x802'0e94       0x8  OCTET_STRING.o [7]
  .rodata                const     0x802'0e9c       0x8  OCTET_STRING.o [7]
  .rodata                const     0x802'0ea4       0x8  OCTET_STRING.o [7]
  .rodata                const     0x802'0eac       0x8  OCTET_STRING.o [7]
  .rodata                const     0x802'0eb4       0x8  OCTET_STRING.o [7]
  .rodata                const     0x802'0ebc       0x8  OCTET_STRING.o [7]
  .rodata                const     0x802'0ec4       0x8  OCTET_STRING.o [7]
  .rodata                const     0x802'0ecc       0x8  OCTET_STRING.o [7]
  .rodata                const     0x802'0ed4       0x8  OCTET_STRING.o [7]
  .rodata                const     0x802'0edc       0x8  OCTET_STRING.o [7]
  .rodata                const     0x802'0ee4       0x8  OCTET_STRING.o [7]
  .rodata                const     0x802'0eec       0x8  OCTET_STRING.o [7]
  .rodata                const     0x802'0ef4       0x8  OCTET_STRING.o [7]
  .rodata                const     0x802'0efc       0x8  OCTET_STRING.o [7]
  .rodata                const     0x802'0f04       0x8  OCTET_STRING.o [7]
  .rodata                const     0x802'0f0c       0x8  OCTET_STRING.o [7]
  .rodata                const     0x802'0f14       0x8  OCTET_STRING.o [7]
  .rodata                const     0x802'0f1c       0x8  OCTET_STRING.o [7]
  .rodata                const     0x802'0f24       0x8  OCTET_STRING.o [7]
  .rodata                const     0x802'0f2c       0x8  OCTET_STRING.o [7]
  .rodata                const     0x802'0f34       0x8  OCTET_STRING.o [7]
  .rodata                const     0x802'0f3c       0x8  OCTET_STRING.o [7]
  .rodata                const     0x802'0f44       0x8  OCTET_STRING.o [7]
  .rodata                const     0x802'0f4c       0x8  OCTET_STRING.o [7]
  .rodata                const     0x802'0f54       0x8  OCTET_STRING.o [7]
  .rodata                const     0x802'0f5c       0x8  BOOLEAN.o [7]
  .rodata                const     0x802'0f64       0x8  BOOLEAN.o [7]
  .rodata                const     0x802'0f6c       0x8  BOOLEAN.o [7]
  .rodata                const     0x802'0f74       0x8  BOOLEAN.o [7]
  .rodata                const     0x802'0f7c       0x8  BOOLEAN.o [7]
  .rodata                const     0x802'0f84       0x8  BOOLEAN.o [7]
  .rodata                const     0x802'0f8c       0x8  GetVariableAccessAttributesRequest.o [5]
  .rodata                const     0x802'0f94       0x8  GetVariableAccessAttributesRequest.o [5]
  .rodata                const     0x802'0f9c       0x8  GetVariableAccessAttributesResponse.o [5]
  .rodata                const     0x802'0fa4       0x8  WriteResponse.o [5]
  .rodata                const     0x802'0fac       0x8  WriteResponse.o [5]
  .rodata                const     0x802'0fb4       0x8  WriteResponse.o [5]
  .rodata                const     0x802'0fbc       0x8  ObjectName.o [5]
  .rodata                const     0x802'0fc4       0x8  Address.o [5]
  .rodata                const     0x802'0fcc       0x8  Data.o [5]
  .rodata                const     0x802'0fd4       0x8  Data.o [5]
  .rodata                const     0x802'0fdc       0x8  Data.o [5]
  .rodata                const     0x802'0fe4       0x8  Data.o [5]
  .rodata                const     0x802'0fec       0x8  Data.o [5]
  .rodata                const     0x802'0ff4       0x8  TypeSpecification.o [5]
  .rodata                const     0x802'0ffc       0x8  TypeSpecification.o [5]
  .rodata                const     0x802'1004       0x8  TypeSpecification.o [5]
  .rodata                const     0x802'100c       0x8  TypeSpecification.o [5]
  .rodata                const     0x802'1014       0x8  TypeSpecification.o [5]
  .rodata                const     0x802'101c       0x8  TypeSpecification.o [5]
  .rodata                const     0x802'1024       0x8  AccessResult.o [5]
  .rodata                const     0x802'102c       0x8  AccessResult.o [5]
  .rodata                const     0x802'1034       0x8  AccessResult.o [5]
  .rodata                const     0x802'103c       0x8  AccessResult.o [5]
  .rodata                const     0x802'1044       0x8  AccessResult.o [5]
  .rodata                const     0x802'104c       0x8  VariableSpecification.o [5]
  .rodata                const     0x802'1054       0x8  VariableSpecification.o [5]
  .rodata                const     0x802'105c       0x8  UtcTime.o [5]
  .rodata                const     0x802'1064       0x8  AlternateAccessChoice.o [5]
  .rodata                const     0x802'106c       0x8  AlternateAccessChoice.o [5]
  .rodata                const     0x802'1074       0x8  AlternateAccessChoice.o [5]
  .rodata                const     0x802'107c       0x8  AlternateAccessSelection.o [5]
  .rodata                const     0x802'1084       0x8  xprintffull_nomb.o [8]
  .text                  ro code   0x802'108c       0x8  constraints.o [7]
  .rodata                const     0x802'1094       0x4  heap_4.o [2]
  .rodata                const     0x802'1098       0x4  ip4_addr.o [6]
  .rodata                const     0x802'109c       0x4  sys_arch.o [6]
  .rodata                const     0x802'10a0       0x4  port.o [2]
  .rodata                const     0x802'10a4       0x4  ANY.o [7]
  .rodata                const     0x802'10a8       0x4  Data.o [5]
  .rodata                const     0x802'10ac       0x4  TypeSpecification.o [5]
  .rodata                const     0x802'10b0       0x4  AccessResult.o [5]
  .text                  ro code   0x802'10b4       0x4  startup_stm32f407xx.o [1]
  .text                  ro code   0x802'10b8       0x4  startup_stm32f407xx.o [1]
  .text                  ro code   0x802'10bc       0x4  startup_stm32f407xx.o [1]
  .text                  ro code   0x802'10c0       0x4  startup_stm32f407xx.o [1]
  .text                  ro code   0x802'10c4       0x4  startup_stm32f407xx.o [1]
  .text                  ro code   0x802'10c8       0x4  startup_stm32f407xx.o [1]
  .text                  ro code   0x802'10cc       0x4  startup_stm32f407xx.o [1]
  .text                  ro code   0x802'10d0       0x4  startup_stm32f407xx.o [1]
  .text                  ro code   0x802'10d4       0x4  startup_stm32f407xx.o [1]
  .text                  ro code   0x802'10d8       0x4  startup_stm32f407xx.o [1]
  .text                  ro code   0x802'10dc       0x4  startup_stm32f407xx.o [1]
  .text                  ro code   0x802'10e0       0x4  startup_stm32f407xx.o [1]
  .text                  ro code   0x802'10e4       0x4  startup_stm32f407xx.o [1]
  .text                  ro code   0x802'10e8       0x4  startup_stm32f407xx.o [1]
  .text                  ro code   0x802'10ec       0x4  startup_stm32f407xx.o [1]
  .text                  ro code   0x802'10f0       0x4  startup_stm32f407xx.o [1]
  .text                  ro code   0x802'10f4       0x4  startup_stm32f407xx.o [1]
  .text                  ro code   0x802'10f8       0x4  startup_stm32f407xx.o [1]
  .text                  ro code   0x802'10fc       0x4  startup_stm32f407xx.o [1]
  .text                  ro code   0x802'1100       0x4  startup_stm32f407xx.o [1]
  .text                  ro code   0x802'1104       0x4  startup_stm32f407xx.o [1]
  .text                  ro code   0x802'1108       0x4  startup_stm32f407xx.o [1]
  .text                  ro code   0x802'110c       0x4  startup_stm32f407xx.o [1]
  .text                  ro code   0x802'1110       0x4  startup_stm32f407xx.o [1]
  .text                  ro code   0x802'1114       0x4  startup_stm32f407xx.o [1]
  .text                  ro code   0x802'1118       0x4  startup_stm32f407xx.o [1]
  .text                  ro code   0x802'111c       0x4  startup_stm32f407xx.o [1]
  .text                  ro code   0x802'1120       0x4  startup_stm32f407xx.o [1]
  .text                  ro code   0x802'1124       0x4  startup_stm32f407xx.o [1]
  .text                  ro code   0x802'1128       0x4  startup_stm32f407xx.o [1]
  .text                  ro code   0x802'112c       0x4  startup_stm32f407xx.o [1]
  .text                  ro code   0x802'1130       0x4  startup_stm32f407xx.o [1]
  .text                  ro code   0x802'1134       0x4  startup_stm32f407xx.o [1]
  .text                  ro code   0x802'1138       0x4  startup_stm32f407xx.o [1]
  .text                  ro code   0x802'113c       0x4  startup_stm32f407xx.o [1]
  .text                  ro code   0x802'1140       0x4  startup_stm32f407xx.o [1]
  .text                  ro code   0x802'1144       0x4  startup_stm32f407xx.o [1]
  .text                  ro code   0x802'1148       0x4  startup_stm32f407xx.o [1]
  .text                  ro code   0x802'114c       0x4  startup_stm32f407xx.o [1]
  .text                  ro code   0x802'1150       0x4  startup_stm32f407xx.o [1]
  .text                  ro code   0x802'1154       0x4  startup_stm32f407xx.o [1]
  .text                  ro code   0x802'1158       0x4  startup_stm32f407xx.o [1]
  .text                  ro code   0x802'115c       0x4  startup_stm32f407xx.o [1]
  .text                  ro code   0x802'1160       0x4  startup_stm32f407xx.o [1]
  .text                  ro code   0x802'1164       0x4  startup_stm32f407xx.o [1]
  .text                  ro code   0x802'1168       0x4  startup_stm32f407xx.o [1]
  .text                  ro code   0x802'116c       0x4  startup_stm32f407xx.o [1]
  .text                  ro code   0x802'1170       0x4  startup_stm32f407xx.o [1]
  .text                  ro code   0x802'1174       0x4  startup_stm32f407xx.o [1]
  .text                  ro code   0x802'1178       0x4  startup_stm32f407xx.o [1]
  .text                  ro code   0x802'117c       0x4  startup_stm32f407xx.o [1]
  .text                  ro code   0x802'1180       0x4  startup_stm32f407xx.o [1]
  .text                  ro code   0x802'1184       0x4  startup_stm32f407xx.o [1]
  .text                  ro code   0x802'1188       0x4  startup_stm32f407xx.o [1]
  .text                  ro code   0x802'118c       0x4  startup_stm32f407xx.o [1]
  .text                  ro code   0x802'1190       0x4  startup_stm32f407xx.o [1]
  .text                  ro code   0x802'1194       0x4  startup_stm32f407xx.o [1]
  .text                  ro code   0x802'1198       0x4  startup_stm32f407xx.o [1]
  .text                  ro code   0x802'119c       0x4  startup_stm32f407xx.o [1]
  .text                  ro code   0x802'11a0       0x4  startup_stm32f407xx.o [1]
  .text                  ro code   0x802'11a4       0x4  startup_stm32f407xx.o [1]
  .text                  ro code   0x802'11a8       0x4  startup_stm32f407xx.o [1]
  .text                  ro code   0x802'11ac       0x4  startup_stm32f407xx.o [1]
  .text                  ro code   0x802'11b0       0x4  startup_stm32f407xx.o [1]
  .text                  ro code   0x802'11b4       0x4  startup_stm32f407xx.o [1]
  .text                  ro code   0x802'11b8       0x4  startup_stm32f407xx.o [1]
  .text                  ro code   0x802'11bc       0x4  startup_stm32f407xx.o [1]
  .text                  ro code   0x802'11c0       0x4  startup_stm32f407xx.o [1]
  .text                  ro code   0x802'11c4       0x4  startup_stm32f407xx.o [1]
  .text                  ro code   0x802'11c8       0x4  startup_stm32f407xx.o [1]
  .text                  ro code   0x802'11cc       0x4  startup_stm32f407xx.o [1]
  .text                  ro code   0x802'11d0       0x4  startup_stm32f407xx.o [1]
  .text                  ro code   0x802'11d4       0x4  startup_stm32f407xx.o [1]
  .text                  ro code   0x802'11d8       0x4  startup_stm32f407xx.o [1]
  .text                  ro code   0x802'11dc       0x4  startup_stm32f407xx.o [1]
  .text                  ro code   0x802'11e0       0x4  startup_stm32f407xx.o [1]
  .text                  ro code   0x802'11e4       0x4  startup_stm32f407xx.o [1]
  .text                  ro code   0x802'11e8       0x4  startup_stm32f407xx.o [1]
  SHT$$PREINIT_ARRAY               0x802'11ec       0x4  <Block>
    .preinit_array       const     0x802'11ec       0x4  stack_protection.o [1]
  __iar_tls$$INIT_ARRAY            0x802'11f0       0x0  <Block>
  .rodata                const     0x802'11f0       0x0  zero_init3.o [10]
  .rodata                const     0x802'11f0       0x0  lz77_init.o [10]
  Initializer bytes      const     0x802'11f0    0x1bb9  <for P6 s0>
                                 - 0x802'2da9  0x2'2c21

"P6", part 1 of 5:                               0x6504
  .bss                   zero     0x1000'0000    0x6504  memp.o [6]
                                - 0x1000'6504    0x6504

"P6", part 2 of 5:                               0x2280
  .bss                   zero     0x1000'6504     0x644  memp.o [6]
  .bss                   zero     0x1000'6b48     0x5c4  memp.o [6]
  .bss                   zero     0x1000'710c     0x5b4  net.o [1]
  .bss                   zero     0x1000'76c0     0x400  memp.o [6]
  .bss                   zero     0x1000'7ac0     0x324  memp.o [6]
  .bss                   zero     0x1000'7de4     0x25c  memp.o [6]
  .bss                   zero     0x1000'8040     0x244  memp.o [6]
  .bss                   zero     0x1000'8284     0x1e4  memp.o [6]
  .bss                   zero     0x1000'8468     0x124  memp.o [6]
  .bss                   zero     0x1000'858c     0x104  stats.o [6]
  .bss                   zero     0x1000'8690      0xf4  memp.o [6]
                                - 0x1000'8784    0x2280

"P6", part 3 of 5:                               0x734a
  P6 s0                           0x1000'8784    0x734a  <Init block>
    .data                inited   0x1000'8784     0x400  xer_support.o [7]
    .data                inited   0x1000'8b84     0x280  AARQapdu.o [4]
    .data                inited   0x1000'8e04     0x280  TypeSpecification.o [5]
    .data                inited   0x1000'9084     0x280  AccessResult.o [5]
    .data                inited   0x1000'9304     0x258  Data.o [5]
    .data                inited   0x1000'955c     0x208  ServiceError.o [5]
    .data                inited   0x1000'9764     0x1f8  OCTET_STRING.o [7]
    .data                inited   0x1000'995c     0x1b8  AAREapdu.o [4]
    .data                inited   0x1000'9b14     0x1b8  RejectPDU.o [5]
    .data                inited   0x1000'9ccc     0x190  MmsPdu.o [5]
    .data                inited   0x1000'9e5c     0x130  VariableSpecification.o [5]
[...]
sendSDataMessage         0x801'78cd     0x110  Code  Lc  CotpConnection.o [1]
sent_tcp                 0x800'03d5      0x68  Code  Lc  sockets.o [6]
seqno                   0x2000'3d90       0x4  Data  Lc  tcp_in.o [6]
server_deleted_cb        0x800'c673       0x8  Code  Lc  net_srv.o [1]
servicesSupported       0x1000'f7dc       0xc  Data  Lc  mms_server_conn.o [1]
setContextDefinition     0x801'8a8f      0x3c  Code  Lc  IsoPresentation.o [1]
setTpduSize              0x801'7b27      0x2a  Code  Lc  CotpConnection.o [1]
setup                    0x800'c88d      0x9a  Code  Lc  net_srv.o [1]
setup_tcp                0x800'052b      0x38  Code  Lc  sockets.o [6]
snprintf                 0x801'2e55      0x44  Code  Gb  snprintf.o [8]
sockets                 0x2000'380c      0xa0  Data  Lc  sockets.o [6]
sprintf                  0x800'd271      0x40  Code  Gb  sprintf.o [8]
stats_init               0x800'9d69       0x2  Code  Gb  stats.o [6]
strcat                   0x800'63ed      0x1e  Code  Gb  strcat.o [8]
strchr                   0x800'f175            Code  Gb  strchr.o [10]
strcmp                   0x800'c991            Code  Gb  strcmp.o [10]
strcpy                   0x800'c979            Code  Gb  strcpy.o [10]
strerror                 0x801'6b19      0x84  Code  Gb  strerror.o [8]
strlen                   0x800'd239            Code  Gb  strlen.o [10]
sys_arch_mbox_fetch      0x800'280f      0x50  Code  Gb  sys_arch.o [6]
sys_arch_mbox_tryfetch   0x800'285f      0x24  Code  Gb  sys_arch.o [6]
sys_arch_sem_wait        0x800'28fb      0x44  Code  Gb  sys_arch.o [6]
sys_check_timeouts       0x800'654f      0x68  Code  Lc  timeouts.o [6]
sys_init                 0x800'2973       0xe  Code  Gb  sys_arch.o [6]
sys_mbox_free            0x800'27bb      0x2e  Code  Gb  sys_arch.o [6]
sys_mbox_new             0x800'2771      0x4a  Code  Gb  sys_arch.o [6]
sys_mbox_set_invalid     0x800'2891       0x6  Code  Gb  sys_arch.o [6]
sys_mbox_trypost         0x800'27e9      0x26  Code  Gb  sys_arch.o [6]
sys_mbox_valid           0x800'2883       0xe  Code  Gb  sys_arch.o [6]
sys_mutex_lock           0x800'29d3       0xe  Code  Gb  sys_arch.o [6]
sys_mutex_new            0x800'2981      0x52  Code  Gb  sys_arch.o [6]
sys_mutex_unlock         0x800'29e1       0xa  Code  Gb  sys_arch.o [6]
sys_now                  0x800'95db       0x8  Code  Gb  time_hal.o [1]
sys_sem_free             0x800'2949      0x16  Code  Gb  sys_arch.o [6]
sys_sem_new              0x800'2897      0x64  Code  Gb  sys_arch.o [6]
sys_sem_set_invalid      0x800'296d       0x6  Code  Gb  sys_arch.o [6]
sys_sem_signal           0x800'293f       0xa  Code  Gb  sys_arch.o [6]
sys_sem_valid            0x800'295f       0xe  Code  Gb  sys_arch.o [6]
sys_thread_new           0x800'29eb      0x32  Code  Gb  sys_arch.o [6]
sys_timeout              0x800'649d      0xb2  Code  Gb  timeouts.o [6]
sys_timeouts_init        0x800'6477      0x26  Code  Gb  timeouts.o [6]
sys_timeouts_mbox_fetch
                         0x800'65e7      0x3a  Code  Gb  timeouts.o [6]
sys_timeouts_sleeptime   0x800'65b7      0x30  Code  Lc  timeouts.o [6]
task_input               0x800'c283      0x2c  Code  Lc  net_netif.o [1]
task_main                0x800'a991       0xa  Code  Lc  main.o [1]
tcp_abandon              0x800'347d      0xca  Code  Gb  tcp.o [6]
tcp_abort                0x800'3547       0xa  Code  Gb  tcp.o [6]
tcp_accept               0x800'4019       0xe  Code  Gb  tcp.o [6]
tcp_accept_null          0x800'361d       0xe  Code  Lc  tcp.o [6]
tcp_active_pcbs         0x2000'3d4c       0x4  Data  Gb  tcp.o [6]
tcp_active_pcbs_changed
                        0x2000'3dc5       0x1  Data  Gb  tcp.o [6]
tcp_alloc                0x800'3eb9     0x12e  Code  Gb  tcp.o [6]
tcp_arg                  0x800'3ff7       0x8  Code  Gb  tcp.o [6]
tcp_backoff              0x802'026c      0x10  Data  Lc  tcp.o [6]
tcp_bind                 0x800'3551      0xcc  Code  Gb  tcp.o [6]
tcp_bound_pcbs          0x2000'3d44       0x4  Data  Gb  tcp.o [6]
tcp_close                0x800'3401      0x18  Code  Gb  tcp.o [6]
tcp_close_shutdown       0x800'3263     0x19e  Code  Lc  tcp.o [6]
tcp_connect              0x800'380b     0x178  Code  Gb  tcp.o [6]
tcp_create_segment       0x800'4b5f      0xe0  Code  Lc  tcp_out.o [6]
tcp_eff_send_mss_impl    0x800'40e5      0x38  Code  Gb  tcp.o [6]
tcp_enqueue_flags        0x800'51d7     0x116  Code  Gb  tcp_out.o [6]
tcp_err                  0x800'400f       0xa  Code  Gb  tcp.o [6]
tcp_fasttmr              0x800'3c8b      0x64  Code  Gb  tcp.o [6]
tcp_getoptbyte           0x800'779d      0x42  Code  Lc  tcp_in.o [6]
tcp_init                 0x800'3211       0x2  Code  Gb  tcp.o [6]
tcp_input                0x800'664d     0x508  Code  Gb  tcp_in.o [6]
tcp_input_pcb           0x2000'3d9c       0x4  Data  Gb  tcp_in.o [6]
tcp_keepalive            0x800'5843      0x64  Code  Gb  tcp_out.o [6]
tcp_kill_prio            0x800'3de3      0x4e  Code  Lc  tcp.o [6]
tcp_kill_state           0x800'3e39      0x42  Code  Lc  tcp.o [6]
tcp_kill_timewait        0x800'3e81      0x34  Code  Lc  tcp.o [6]
tcp_listen_closed        0x800'3243      0x20  Code  Lc  tcp.o [6]
tcp_listen_input         0x800'6b55     0x136  Code  Lc  tcp_in.o [6]
tcp_listen_pcbs         0x2000'3d48       0x4  Data  Gb  tcp.o [6]
tcp_listen_with_backlog_and_err
                         0x800'362b      0xe0  Code  Gb  tcp.o [6]
tcp_netif_ip_addr_changed
                         0x800'413f      0x4a  Code  Gb  tcp.o [6]
tcp_netif_ip_addr_changed_pcblist
                         0x800'411d      0x22  Code  Lc  tcp.o [6]
tcp_new_ip_type          0x800'3fed       0xa  Code  Gb  tcp.o [6]
tcp_new_port             0x800'37a9      0x62  Code  Lc  tcp.o [6]
tcp_next_iss             0x800'40d5      0x10  Code  Gb  tcp.o [6]
tcp_next_iss::iss       0x1000'f9b4       0x4  Data  Lc  tcp.o [6]
tcp_optidx              0x2000'3db6       0x2  Data  Lc  tcp_in.o [6]
tcp_output               0x800'536d     0x264  Code  Gb  tcp_out.o [6]
tcp_output_alloc_header
                         0x800'4aa1      0x74  Code  Lc  tcp_out.o [6]
tcp_output_segment       0x800'55d1      0xc4  Code  Lc  tcp_out.o [6]
tcp_parseopt             0x800'77df      0x8a  Code  Lc  tcp_in.o [6]
tcp_pbuf_prealloc        0x800'4c3f      0x7e  Code  Lc  tcp_out.o [6]
tcp_pcb_lists            0x802'027c      0x10  Data  Gb  tcp.o [6]
tcp_pcb_purge            0x800'402f      0x48  Code  Gb  tcp.o [6]
tcp_pcb_remove           0x800'4077      0x5e  Code  Gb  tcp.o [6]
tcp_persist_backoff      0x802'0d24       0x8  Data  Lc  tcp.o [6]
tcp_poll                 0x800'4027       0x8  Code  Gb  tcp.o [6]
tcp_port                0x1000'faca       0x2  Data  Lc  tcp.o [6]
tcp_process              0x800'6d11     0x4fa  Code  Lc  tcp_in.o [6]
tcp_process_refused_data
                         0x800'3d01      0x8c  Code  Gb  tcp.o [6]
tcp_receive              0x800'724d     0x54c  Code  Lc  tcp_in.o [6]
tcp_recv                 0x800'3fff       0x8  Code  Gb  tcp.o [6]
tcp_recv_null            0x800'3dbd      0x26  Code  Gb  tcp.o [6]
tcp_recved               0x800'3755      0x54  Code  Gb  tcp.o [6]
tcp_remove_listener      0x800'322f      0x14  Code  Lc  tcp.o [6]
tcp_rexmit               0x800'5775      0x5a  Code  Gb  tcp_out.o [6]
tcp_rexmit_fast          0x800'57cf      0x74  Code  Gb  tcp_out.o [6]
tcp_rexmit_rto           0x800'5741      0x34  Code  Gb  tcp_out.o [6]
tcp_rst                  0x800'5695      0xa4  Code  Gb  tcp_out.o [6]
tcp_seg_free             0x800'3d9f      0x1e  Code  Gb  tcp.o [6]
tcp_segs_free            0x800'3d8d      0x12  Code  Gb  tcp.o [6]
tcp_send_empty_ack       0x800'52ed      0x80  Code  Gb  tcp_out.o [6]
tcp_send_fin             0x800'4b15      0x4a  Code  Gb  tcp_out.o [6]
tcp_sent                 0x800'4007       0x8  Code  Gb  tcp.o [6]
tcp_shutdown             0x800'3419      0x64  Code  Gb  tcp.o [6]
tcp_slowtmr              0x800'3983     0x308  Code  Gb  tcp.o [6]
tcp_ticks               0x2000'3d40       0x4  Data  Gb  tcp.o [6]
tcp_timer               0x2000'3dc6       0x1  Data  Lc  tcp.o [6]
tcp_timer_ctr           0x2000'3dc7       0x1  Data  Lc  tcp.o [6]
tcp_timer_needed         0x800'6437      0x2a  Code  Gb  timeouts.o [6]
tcp_timewait_input       0x800'6c8b      0x86  Code  Lc  tcp_in.o [6]
tcp_tmr                  0x800'3213      0x1c  Code  Gb  tcp.o [6]
tcp_trigger_input_pcb_close
                         0x800'7869       0xc  Code  Gb  tcp_in.o [6]
tcp_tw_pcbs             0x2000'3d50       0x4  Data  Gb  tcp.o [6]
tcp_update_rcv_ann_wnd   0x800'370b      0x4a  Code  Gb  tcp.o [6]
tcp_write                0x800'4d3b     0x49c  Code  Gb  tcp_out.o [6]
tcp_write_checks         0x800'4cbd      0x7e  Code  Lc  tcp_out.o [6]
tcp_zero_window_probe    0x800'58a7      0xe8  Code  Gb  tcp_out.o [6]
tcphdr                  0x2000'3d88       0x4  Data  Lc  tcp_in.o [6]
tcphdr_opt1len          0x2000'3db4       0x2  Data  Lc  tcp_in.o [6]
tcphdr_opt2             0x2000'3d8c       0x4  Data  Lc  tcp_in.o [6]
tcphdr_optlen           0x2000'3db2       0x2  Data  Lc  tcp_in.o [6]
tcpip_init               0x800'5a3b      0x38  Code  Gb  tcpip.o [6]
tcpip_init_done         0x2000'3ce0       0x4  Data  Lc  tcpip.o [6]
tcpip_init_done_arg     0x2000'3ce4       0x4  Data  Lc  tcpip.o [6]
tcpip_send_msg_wait_sem
                         0x800'5a1f      0x1c  Code  Gb  tcpip.o [6]
tcpip_tcp_timer          0x800'640d      0x2a  Code  Lc  timeouts.o [6]
tcpip_tcp_timer_active  0x2000'3d84       0x4  Data  Lc  timeouts.o [6]
tcpip_thread             0x800'599d      0x82  Code  Lc  tcpip.o [6]
tcplen                  0x2000'3dba       0x2  Data  Lc  tcp_in.o [6]
thread_pool              0x800'c769     0x124  Code  Lc  net_srv.o [1]
timegm                   0x801'6c4b      0x68  Code  Gb  timegm.o [7]
timegm::ndays            0x801'e8e4      0x60  Data  Lc  timegm.o [7]
timeouts_last_time      0x2000'3d80       0x4  Data  Lc  timeouts.o [6]
timezone                0x2000'3da4       0x4  Data  Gb  GeneralizedTime.o [7]
try_connect              0x800'c539      0xd8  Code  Lc  net_clt.o [1]
tryget_socket            0x800'1a17      0x24  Code  Lc  sockets.o [6]
uart_st                 0x1000'e52c      0x40  Data  Lc  debug3.o [1]
ucHeap                  0x2000'50a0  0x1'5b9c  Data  Gb  main.o [1]
ucMaxSysCallPriority    0x2000'3dc4       0x1  Data  Lc  port.o [2]
udp_bind                 0x800'48d7      0x9a  Code  Gb  udp.o [6]
udp_connect              0x800'4971      0x66  Code  Gb  udp.o [6]
udp_disconnect           0x800'49d7      0x12  Code  Gb  udp.o [6]
udp_init                 0x800'4455       0x2  Code  Gb  udp.o [6]
udp_input                0x800'44f1     0x26a  Code  Gb  udp.o [6]
udp_input_local_match    0x800'44a3      0x4e  Code  Lc  udp.o [6]
udp_netif_ip_addr_changed
                         0x800'4a55      0x32  Code  Gb  udp.o [6]
udp_new                  0x800'4a25      0x28  Code  Gb  udp.o [6]
udp_new_ip_type          0x800'4a4d       0x8  Code  Gb  udp.o [6]
udp_new_port             0x800'4457      0x4c  Code  Lc  udp.o [6]
udp_pcbs                0x2000'3d54       0x4  Data  Gb  udp.o [6]
udp_port                0x1000'facc       0x2  Data  Lc  udp.o [6]
udp_recv                 0x800'49e9       0x6  Code  Gb  udp.o [6]
udp_remove               0x800'49ef      0x36  Code  Gb  udp.o [6]
udp_send                 0x800'475b      0x16  Code  Gb  udp.o [6]
udp_sendto               0x800'4771      0x48  Code  Gb  udp.o [6]
udp_sendto_if            0x800'47b9      0x46  Code  Gb  udp.o [6]
udp_sendto_if_src        0x800'47ff      0xd8  Code  Gb  udp.o [6]
ulHighFrequencyTimerCounts
                        0x2000'3c78       0x4  Data  Gb  stm32f4xx_it_cb.o [1]
ulMaxPRIGROUPValue      0x2000'3d00       0x4  Data  Lc  port.o [2]
ulTaskSwitchedInTime    0x2000'3cd8       0x4  Data  Lc  tasks.o [2]
ulTotalRunTime          0x2000'3cdc       0x4  Data  Lc  tasks.o [2]
uper_get_length          0x801'2bd5      0x76  Code  Gb  per_support.o [7]
uper_put_length          0x801'2df5      0x5e  Code  Gb  per_support.o [7]
uwTick                  0x2000'3c98       0x4  Data  Gb  stm32f4xx_hal.o [3]
uxCriticalNesting       0x1000'f9b0       0x4  Data  Lc  port.o [2]
uxCurrentNumberOfTasks  0x2000'3cac       0x4  Data  Lc  tasks.o [2]
uxDeletedTasksWaitingCleanUp
                        0x2000'3ca8       0x4  Data  Lc  tasks.o [2]
uxListRemove             0x800'a335      0x26  Code  Gb  list.o [2]
uxPendedTicks           0x2000'3cbc       0x4  Data  Lc  tasks.o [2]
uxQueueMessagesWaiting   0x800'934f      0x26  Code  Gb  queue.o [2]
uxQueueMessagesWaitingFromISR
                         0x800'9375      0x18  Code  Gb  queue.o [2]
uxSchedulerSuspended    0x2000'3cd4       0x4  Data  Lc  tasks.o [2]
uxTaskNumber            0x2000'3cc8       0x4  Data  Lc  tasks.o [2]
uxTopReadyPriority      0x2000'3cb4       0x4  Data  Lc  tasks.o [2]
vApplicationMallocFailedHook
                         0x800'a9a1       0x4  Code  Gb  main.o [1]
vApplicationStackOverflowHook
                         0x800'a99d       0x4  Code  Gb  main.o [1]
vListInitialise          0x800'a2c3      0x1e  Code  Gb  list.o [2]
vListInitialiseItem      0x800'a2e1       0x6  Code  Gb  list.o [2]
vListInsert              0x800'a2ff      0x36  Code  Gb  list.o [2]
vListInsertEnd           0x800'a2e7      0x18  Code  Gb  list.o [2]
vPortEnableVFP           0x800'b4b9            Code  Gb  portasm.o [2]
vPortEnterCritical       0x800'a463      0x34  Code  Gb  port.o [2]
vPortExitCritical        0x800'a497      0x2c  Code  Gb  port.o [2]
vPortFree                0x800'a0bd      0x72  Code  Gb  heap_4.o [2]
vPortStartFirstTask      0x800'b4a1            Code  Gb  portasm.o [2]
vPortValidateInterruptPriority
                         0x800'a4ed      0x4a  Code  Gb  port.o [2]
vQueueAddToRegistry      0x800'950b      0x24  Code  Gb  queue.o [2]
vQueueDelete             0x800'938d      0x26  Code  Gb  queue.o [2]
vQueueUnregisterQueue    0x800'952f      0x26  Code  Gb  queue.o [2]
vQueueWaitForMessageRestricted
                         0x800'955d      0x4a  Code  Gb  queue.o [2]
vTaskDelay               0x800'83f9      0x4c  Code  Gb  tasks.o [2]
vTaskDelete              0x800'832d      0xcc  Code  Gb  tasks.o [2]
vTaskMissedYield         0x800'8917       0xa  Code  Gb  tasks.o [2]
vTaskPlaceOnEventList    0x800'8763      0x2e  Code  Gb  tasks.o [2]
vTaskPlaceOnEventListRestricted
                         0x800'8791      0x38  Code  Gb  tasks.o [2]
vTaskPriorityInherit     0x800'8a59      0x8c  Code  Gb  tasks.o [2]
vTaskSetTimeOutState     0x800'8861      0x26  Code  Gb  tasks.o [2]
vTaskStartScheduler      0x800'8445      0x74  Code  Gb  tasks.o [2]
vTaskSuspendAll          0x800'84b9       0xc  Code  Gb  tasks.o [2]
vTaskSwitchContext       0x800'86b3      0xb0  Code  Gb  tasks.o [2]
writeDataTpduHeader      0x801'7bc1      0x4e  Code  Lc  CotpConnection.o [1]
writeOptions             0x801'7de1      0xfe  Code  Lc  CotpConnection.o [1]
writeRfc1006Header       0x801'7b6b      0x56  Code  Lc  CotpConnection.o [1]
writeStaticConnectResponseHeader
                         0x801'7d3b      0xa6  Code  Lc  CotpConnection.o [1]
writer                   0x801'8fff      0x30  Code  Lc  AcseConnection.o [1]
writer                   0x801'8cf1      0x30  Code  Lc  IsoPresentation.o [1]
xActiveTimerList1       0x2000'3b20      0x14  Data  Lc  timers.o [2]
xActiveTimerList2       0x2000'3b34      0x14  Data  Lc  timers.o [2]
xBlockAllocatedBit      0x2000'3c8c       0x4  Data  Lc  heap_4.o [2]
xDelayedTaskList1       0x2000'3abc      0x14  Data  Lc  tasks.o [2]
xDelayedTaskList2       0x2000'3ad0      0x14  Data  Lc  tasks.o [2]
xEth                    0x2000'398c      0x50  Data  Lc  net_eth.o [1]
xFnSrvIec61850           0x801'f2cc      0x1c  Data  Gb  IsoServerConn.o [1]
xFreeBytesRemaining     0x2000'3c84       0x4  Data  Lc  heap_4.o [2]
xHeapStructSize          0x802'1094       0x4  Data  Lc  heap_4.o [2]
xIdleTaskHandle         0x2000'3cd0       0x4  Data  Lc  tasks.o [2]
xMinimumEverFreeBytesRemaining
                        0x2000'3c88       0x4  Data  Lc  heap_4.o [2]
xNet                    0x1000'710c     0x5b4  Data  Lc  net.o [1]
xNetNetif               0x2000'3938      0x54  Data  Lc  net_netif.o [1]
xNextTaskUnblockTime    0x2000'3ccc       0x4  Data  Lc  tasks.o [2]
xNumOfOverflows         0x2000'3cc4       0x4  Data  Lc  tasks.o [2]
xPendingReadyList       0x2000'3ae4      0x14  Data  Lc  tasks.o [2]
xPortStartScheduler      0x800'a3af      0xb4  Code  Gb  port.o [2]
xPortSysTickHandler      0x800'a4c3      0x28  Code  Gb  port.o [2]
xQueueCreateMutex        0x800'8da1      0x1a  Code  Gb  queue.o [2]
xQueueGenericCreate      0x800'8d17      0x4a  Code  Gb  queue.o [2]
xQueueGenericReceive     0x800'90e7     0x1ba  Code  Gb  queue.o [2]
xQueueGenericReset       0x800'8c85      0x92  Code  Gb  queue.o [2]
xQueueGenericSend        0x800'8dbb     0x196  Code  Gb  queue.o [2]
xQueueGenericSendFromISR
                         0x800'8f51      0xde  Code  Gb  queue.o [2]
xQueueGiveFromISR        0x800'902f      0xb8  Code  Gb  queue.o [2]
xQueueIsQueueEmpty       0x800'94d1      0x1c  Code  Gb  queue.o [2]
xQueueReceiveFromISR     0x800'92a1      0xae  Code  Gb  queue.o [2]
xQueueRegistry          0x2000'39dc      0x40  Data  Gb  queue.o [2]
xSchedulerRunning       0x2000'3cb8       0x4  Data  Lc  tasks.o [2]
xStart                  0x2000'3c5c       0x8  Data  Lc  heap_4.o [2]
xSuspendedTaskList      0x2000'3b0c      0x14  Data  Lc  tasks.o [2]
xTaskCheckForTimeOut     0x800'8895      0x82  Code  Gb  tasks.o [2]
xTaskCreate              0x800'8169      0x6c  Code  Gb  tasks.o [2]
xTaskGetSchedulerState   0x800'8a33      0x20  Code  Gb  tasks.o [2]
xTaskGetTickCount        0x800'85a9       0x8  Code  Gb  tasks.o [2]
xTaskGetTickCountFromISR
                         0x800'85b1      0x10  Code  Gb  tasks.o [2]
xTaskIncrementTick       0x800'85c1      0xf2  Code  Gb  tasks.o [2]
xTaskPriorityDisinherit
                         0x800'8ae5      0xae  Code  Gb  tasks.o [2]
xTaskRemoveFromEventList
                         0x800'87d5      0x7c  Code  Gb  tasks.o [2]
xTaskResumeAll           0x800'84c5      0xe4  Code  Gb  tasks.o [2]
xTasksWaitingTermination
                        0x2000'3af8      0x14  Data  Lc  tasks.o [2]
xTickCount              0x2000'3cb0       0x4  Data  Lc  tasks.o [2]
xTimerCreateTimerTask    0x800'a591      0x48  Code  Gb  timers.o [2]
xTimerGenericCommand     0x800'a5d9      0x64  Code  Gb  timers.o [2]
xTimerQueue             0x2000'3d60       0x4  Data  Lc  timers.o [2]
xTimerTaskHandle        0x2000'3d64       0x4  Data  Lc  timers.o [2]
xYieldPending           0x2000'3cc0       0x4  Data  Lc  tasks.o [2]
xer__token_cb            0x801'25a1      0x10  Code  Lc  xer_decoder.o [7]
xer_check_tag            0x801'2661      0xc0  Code  Gb  xer_decoder.o [7]
xer_decode__body         0x801'605f      0x5e  Code  Lc  asn_codecs_prim.o [7]
xer_decode__unexpected_tag
                         0x801'6011      0x4e  Code  Lc  asn_codecs_prim.o [7]
xer_decode_general       0x801'2721     0x260  Code  Gb  xer_decoder.o [7]
xer_decode_primitive     0x801'60bd      0xfc  Code  Gb  asn_codecs_prim.o [7]
xer_is_whitespace        0x801'2981      0x24  Code  Gb  xer_decoder.o [7]
xer_next_token           0x801'25b1      0xb0  Code  Gb  xer_decoder.o [7]
xer_skip_unknown         0x801'29a5      0x6a  Code  Gb  xer_decoder.o [7]


[1] = C:\proglyk\4 –¿¡Œ“¿\9 √ÓÎÓÎ∏‰\1 libiec61850 ËÁÏ.4\examples\simple_server\build\Debug\Obj
[2] = FreeRTOSLib.a
[3] = HAL.a
[4] = ISO8650.a
[5] = ISO9506.a
[6] = LwIPLib.a
[7] = asn1.a
[8] = dl7M_tlf.a
[9] = m7M_tls.a
[10] = rt7M_tl.a
[11] = shb_l.a

  122'354 bytes of readonly  code memory
   20'407 bytes of readonly  data memory
  180'300 bytes of readwrite data memory

Errors: 4
Warnings: none
